Archive member included to satisfy reference by file (symbol)

/home/engineering/st/stm32cubeide_1.16.1/plugins/com.st.stm32cube.ide.mcu.externaltools.gnu-tools-for-stm32.12.3.rel1.linux64_1.0.200.202406132123/tools/bin/../lib/gcc/arm-none-eabi/12.3.1/../../../../arm-none-eabi/lib/thumb/v7e-m+fp/hard/libc_nano.a(libc_a-exit.o)
                              /home/engineering/st/stm32cubeide_1.16.1/plugins/com.st.stm32cube.ide.mcu.externaltools.gnu-tools-for-stm32.12.3.rel1.linux64_1.0.200.202406132123/tools/bin/../lib/gcc/arm-none-eabi/12.3.1/../../../../arm-none-eabi/lib/thumb/v7e-m+fp/hard/crt0.o (exit)
/home/engineering/st/stm32cubeide_1.16.1/plugins/com.st.stm32cube.ide.mcu.externaltools.gnu-tools-for-stm32.12.3.rel1.linux64_1.0.200.202406132123/tools/bin/../lib/gcc/arm-none-eabi/12.3.1/../../../../arm-none-eabi/lib/thumb/v7e-m+fp/hard/libc_nano.a(libc_a-findfp.o)
                              /home/engineering/st/stm32cubeide_1.16.1/plugins/com.st.stm32cube.ide.mcu.externaltools.gnu-tools-for-stm32.12.3.rel1.linux64_1.0.200.202406132123/tools/bin/../lib/gcc/arm-none-eabi/12.3.1/../../../../arm-none-eabi/lib/thumb/v7e-m+fp/hard/libc_nano.a(libc_a-exit.o) (__stdio_exit_handler)
/home/engineering/st/stm32cubeide_1.16.1/plugins/com.st.stm32cube.ide.mcu.externaltools.gnu-tools-for-stm32.12.3.rel1.linux64_1.0.200.202406132123/tools/bin/../lib/gcc/arm-none-eabi/12.3.1/../../../../arm-none-eabi/lib/thumb/v7e-m+fp/hard/libc_nano.a(libc_a-fwalk.o)
                              /home/engineering/st/stm32cubeide_1.16.1/plugins/com.st.stm32cube.ide.mcu.externaltools.gnu-tools-for-stm32.12.3.rel1.linux64_1.0.200.202406132123/tools/bin/../lib/gcc/arm-none-eabi/12.3.1/../../../../arm-none-eabi/lib/thumb/v7e-m+fp/hard/libc_nano.a(libc_a-findfp.o) (_fwalk_sglue)
/home/engineering/st/stm32cubeide_1.16.1/plugins/com.st.stm32cube.ide.mcu.externaltools.gnu-tools-for-stm32.12.3.rel1.linux64_1.0.200.202406132123/tools/bin/../lib/gcc/arm-none-eabi/12.3.1/../../../../arm-none-eabi/lib/thumb/v7e-m+fp/hard/libc_nano.a(libc_a-puts.o)
                              ./Core/Src/main.o (puts)
/home/engineering/st/stm32cubeide_1.16.1/plugins/com.st.stm32cube.ide.mcu.externaltools.gnu-tools-for-stm32.12.3.rel1.linux64_1.0.200.202406132123/tools/bin/../lib/gcc/arm-none-eabi/12.3.1/../../../../arm-none-eabi/lib/thumb/v7e-m+fp/hard/libc_nano.a(libc_a-stdio.o)
                              /home/engineering/st/stm32cubeide_1.16.1/plugins/com.st.stm32cube.ide.mcu.externaltools.gnu-tools-for-stm32.12.3.rel1.linux64_1.0.200.202406132123/tools/bin/../lib/gcc/arm-none-eabi/12.3.1/../../../../arm-none-eabi/lib/thumb/v7e-m+fp/hard/libc_nano.a(libc_a-findfp.o) (__sread)
/home/engineering/st/stm32cubeide_1.16.1/plugins/com.st.stm32cube.ide.mcu.externaltools.gnu-tools-for-stm32.12.3.rel1.linux64_1.0.200.202406132123/tools/bin/../lib/gcc/arm-none-eabi/12.3.1/../../../../arm-none-eabi/lib/thumb/v7e-m+fp/hard/libc_nano.a(libc_a-wbuf.o)
                              /home/engineering/st/stm32cubeide_1.16.1/plugins/com.st.stm32cube.ide.mcu.externaltools.gnu-tools-for-stm32.12.3.rel1.linux64_1.0.200.202406132123/tools/bin/../lib/gcc/arm-none-eabi/12.3.1/../../../../arm-none-eabi/lib/thumb/v7e-m+fp/hard/libc_nano.a(libc_a-puts.o) (__swbuf_r)
/home/engineering/st/stm32cubeide_1.16.1/plugins/com.st.stm32cube.ide.mcu.externaltools.gnu-tools-for-stm32.12.3.rel1.linux64_1.0.200.202406132123/tools/bin/../lib/gcc/arm-none-eabi/12.3.1/../../../../arm-none-eabi/lib/thumb/v7e-m+fp/hard/libc_nano.a(libc_a-wsetup.o)
                              /home/engineering/st/stm32cubeide_1.16.1/plugins/com.st.stm32cube.ide.mcu.externaltools.gnu-tools-for-stm32.12.3.rel1.linux64_1.0.200.202406132123/tools/bin/../lib/gcc/arm-none-eabi/12.3.1/../../../../arm-none-eabi/lib/thumb/v7e-m+fp/hard/libc_nano.a(libc_a-puts.o) (__swsetup_r)
/home/engineering/st/stm32cubeide_1.16.1/plugins/com.st.stm32cube.ide.mcu.externaltools.gnu-tools-for-stm32.12.3.rel1.linux64_1.0.200.202406132123/tools/bin/../lib/gcc/arm-none-eabi/12.3.1/../../../../arm-none-eabi/lib/thumb/v7e-m+fp/hard/libc_nano.a(libc_a-memset.o)
                              /home/engineering/st/stm32cubeide_1.16.1/plugins/com.st.stm32cube.ide.mcu.externaltools.gnu-tools-for-stm32.12.3.rel1.linux64_1.0.200.202406132123/tools/bin/../lib/gcc/arm-none-eabi/12.3.1/../../../../arm-none-eabi/lib/thumb/v7e-m+fp/hard/crt0.o (memset)
/home/engineering/st/stm32cubeide_1.16.1/plugins/com.st.stm32cube.ide.mcu.externaltools.gnu-tools-for-stm32.12.3.rel1.linux64_1.0.200.202406132123/tools/bin/../lib/gcc/arm-none-eabi/12.3.1/../../../../arm-none-eabi/lib/thumb/v7e-m+fp/hard/libc_nano.a(libc_a-closer.o)
                              /home/engineering/st/stm32cubeide_1.16.1/plugins/com.st.stm32cube.ide.mcu.externaltools.gnu-tools-for-stm32.12.3.rel1.linux64_1.0.200.202406132123/tools/bin/../lib/gcc/arm-none-eabi/12.3.1/../../../../arm-none-eabi/lib/thumb/v7e-m+fp/hard/libc_nano.a(libc_a-stdio.o) (_close_r)
[...]
Memory Configuration

Name             Origin             Length             Attributes
CCMRAM           0x10000000         0x00010000         xrw
RAM              0x20000000         0x00020000         xrw
FLASH            0x08000000         0x00100000         xr
*default*        0x00000000         0xffffffff

Linker script and memory map

LOAD /home/engineering/st/stm32cubeide_1.16.1/plugins/com.st.stm32cube.ide.mcu.externaltools.gnu-tools-for-stm32.12.3.rel1.linux64_1.0.200.202406132123/tools/bin/../lib/gcc/arm-none-eabi/12.3.1/thumb/v7e-m+fp/hard/crti.o
LOAD /home/engineering/st/stm32cubeide_1.16.1/plugins/com.st.stm32cube.ide.mcu.externaltools.gnu-tools-for-stm32.12.3.rel1.linux64_1.0.200.202406132123/tools/bin/../lib/gcc/arm-none-eabi/12.3.1/thumb/v7e-m+fp/hard/crtbegin.o
LOAD /home/engineering/st/stm32cubeide_1.16.1/plugins/com.st.stm32cube.ide.mcu.externaltools.gnu-tools-for-stm32.12.3.rel1.linux64_1.0.200.202406132123/tools/bin/../lib/gcc/arm-none-eabi/12.3.1/../../../../arm-none-eabi/lib/thumb/v7e-m+fp/hard/crt0.o
LOAD ./Core/Src/main.o
LOAD ./Core/Src/stm32f4xx_hal_msp.o
LOAD ./Core/Src/stm32f4xx_hal_timebase_tim.o
LOAD ./Core/Src/stm32f4xx_it.o
LOAD ./Core/Src/syscalls.o
LOAD ./Core/Src/system_stm32f4xx.o
LOAD ./Core/Startup/startup_stm32f407vgtx.o
LOAD ./Drivers/STM32F4xx_HAL_Driver/Src/stm32f4xx_hal.o
LOAD ./Drivers/STM32F4xx_HAL_Driver/Src/stm32f4xx_hal_cortex.o
LOAD ./Drivers/STM32F4xx_HAL_Driver/Src/stm32f4xx_hal_dma.o
LOAD ./Drivers/STM32F4xx_HAL_Driver/Src/stm32f4xx_hal_dma_ex.o
LOAD ./Drivers/STM32F4xx_HAL_Driver/Src/stm32f4xx_hal_exti.o
LOAD ./Drivers/STM32F4xx_HAL_Driver/Src/stm32f4xx_hal_flash.o
LOAD ./Drivers/STM32F4xx_HAL_Driver/Src/stm32f4xx_hal_flash_ex.o
LOAD ./Drivers/STM32F4xx_HAL_Driver/Src/stm32f4xx_hal_flash_ramfunc.o
LOAD ./Drivers/STM32F4xx_HAL_Driver/Src/stm32f4xx_hal_gpio.o
LOAD ./Drivers/STM32F4xx_HAL_Driver/Src/stm32f4xx_hal_pwr.o
LOAD ./Drivers/STM32F4xx_HAL_Driver/Src/stm32f4xx_hal_pwr_ex.o
LOAD ./Drivers/STM32F4xx_HAL_Driver/Src/stm32f4xx_hal_rcc.o
LOAD ./Drivers/STM32F4xx_HAL_Driver/Src/stm32f4xx_hal_rcc_ex.o
LOAD ./Drivers/STM32F4xx_HAL_Driver/Src/stm32f4xx_hal_tim.o
LOAD ./Drivers/STM32F4xx_HAL_Driver/Src/stm32f4xx_hal_tim_ex.o
LOAD ./ThirdParty/FreeRTOS/croutine.o
LOAD ./ThirdParty/FreeRTOS/event_groups.o
LOAD ./ThirdParty/FreeRTOS/list.o
LOAD ./ThirdParty/FreeRTOS/queue.o
LOAD ./ThirdParty/FreeRTOS/stream_buffer.o
LOAD ./ThirdParty/FreeRTOS/tasks.o
LOAD ./ThirdParty/FreeRTOS/timers.o
LOAD ./ThirdParty/FreeRTOS/portable/GCC/ARM_CM4F/port.o
LOAD ./ThirdParty/FreeRTOS/portable/MemMang/heap_4.o
START GROUP
LOAD /home/engineering/st/stm32cubeide_1.16.1/plugins/com.st.stm32cube.ide.mcu.externaltools.gnu-tools-for-stm32.12.3.rel1.linux64_1.0.200.202406132123/tools/bin/../lib/gcc/arm-none-eabi/12.3.1/../../../../arm-none-eabi/lib/thumb/v7e-m+fp/hard/libc_nano.a
LOAD /home/engineering/st/stm32cubeide_1.16.1/plugins/com.st.stm32cube.ide.mcu.externaltools.gnu-tools-for-stm32.12.3.rel1.linux64_1.0.200.202406132123/tools/bin/../lib/gcc/arm-none-eabi/12.3.1/../../../../arm-none-eabi/lib/thumb/v7e-m+fp/hard/libm.a
END GROUP
START GROUP
LOAD /home/engineering/st/stm32cubeide_1.16.1/plugins/com.st.stm32cube.ide.mcu.externaltools.gnu-tools-for-stm32.12.3.rel1.linux64_1.0.200.202406132123/tools/bin/../lib/gcc/arm-none-eabi/12.3.1/thumb/v7e-m+fp/hard/libgcc.a
LOAD /home/engineering/st/stm32cubeide_1.16.1/plugins/com.st.stm32cube.ide.mcu.externaltools.gnu-tools-for-stm32.12.3.rel1.linux64_1.0.200.202406132123/tools/bin/../lib/gcc/arm-none-eabi/12.3.1/../../../../arm-none-eabi/lib/thumb/v7e-m+fp/hard/libc_nano.a
END GROUP
START GROUP
LOAD /home/engineering/st/stm32cubeide_1.16.1/plugins/com.st.stm32cube.ide.mcu.externaltools.gnu-tools-for-stm32.12.3.rel1.linux64_1.0.200.202406132123/tools/bin/../lib/gcc/arm-none-eabi/12.3.1/thumb/v7e-m+fp/hard/libgcc.a
LOAD /home/engineering/st/stm32cubeide_1.16.1/plugins/com.st.stm32cube.ide.mcu.externaltools.gnu-tools-for-stm32.12.3.rel1.linux64_1.0.200.202406132123/tools/bin/../lib/gcc/arm-none-eabi/12.3.1/../../../../arm-none-eabi/lib/thumb/v7e-m+fp/hard/libc_nano.a
LOAD /home/engineering/st/stm32cubeide_1.16.1/plugins/com.st.stm32cube.ide.mcu.externaltools.gnu-tools-for-stm32.12.3.rel1.linux64_1.0.200.202406132123/tools/bin/../lib/gcc/arm-none-eabi/12.3.1/../../../../arm-none-eabi/lib/thumb/v7e-m+fp/hard/libnosys.a
END GROUP
START GROUP
LOAD /home/engineering/st/stm32cubeide_1.16.1/plugins/com.st.stm32cube.ide.mcu.externaltools.gnu-tools-for-stm32.12.3.rel1.linux64_1.0.200.202406132123/tools/bin/../lib/gcc/arm-none-eabi/12.3.1/thumb/v7e-m+fp/hard/libgcc.a
LOAD /home/engineering/st/stm32cubeide_1.16.1/plugins/com.st.stm32cube.ide.mcu.externaltools.gnu-tools-for-stm32.12.3.rel1.linux64_1.0.200.202406132123/tools/bin/../lib/gcc/arm-none-eabi/12.3.1/../../../../arm-none-eabi/lib/thumb/v7e-m+fp/hard/libc_nano.a
LOAD /home/engineering/st/stm32cubeide_1.16.1/plugins/com.st.stm32cube.ide.mcu.externaltools.gnu-tools-for-stm32.12.3.rel1.linux64_1.0.200.202406132123/tools/bin/../lib/gcc/arm-none-eabi/12.3.1/../../../../arm-none-eabi/lib/thumb/v7e-m+fp/hard/libnosys.a
END GROUP
LOAD /home/engineering/st/stm32cubeide_1.16.1/plugins/com.st.stm32cube.ide.mcu.externaltools.gnu-tools-for-stm32.12.3.rel1.linux64_1.0.200.202406132123/tools/bin/../lib/gcc/arm-none-eabi/12.3.1/thumb/v7e-m+fp/hard/crtend.o
LOAD /home/engineering/st/stm32cubeide_1.16.1/plugins/com.st.stm32cube.ide.mcu.externaltools.gnu-tools-for-stm32.12.3.rel1.linux64_1.0.200.202406132123/tools/bin/../lib/gcc/arm-none-eabi/12.3.1/thumb/v7e-m+fp/hard/crtn.o
                0x20020000                        _estack = (ORIGIN (RAM) + LENGTH (RAM))
                0x00000200                        _Min_Heap_Size = 0x200
                0x00000400                        _Min_Stack_Size = 0x400

.isr_vector     0x08000000      0x188
                0x08000000                        . = ALIGN (0x4)
 *(.isr_vector)
 .isr_vector    0x08000000      0x188 ./Core/Startup/startup_stm32f407vgtx.o
                0x08000000                g_pfnVectors
                0x08000188                        . = ALIGN (0x4)

.text           0x08000188     0x4dec
                0x08000188                        . = ALIGN (0x4)
 *(.text)
 .text          0x08000188       0x40 /home/engineering/st/stm32cubeide_1.16.1/plugins/com.st.stm32cube.ide.mcu.externaltools.gnu-tools-for-stm32.12.3.rel1.linux64_1.0.200.202406132123/tools/bin/../lib/gcc/arm-none-eabi/12.3.1/thumb/v7e-m+fp/hard/crtbegin.o
 .text          0x080001c8       0x30 /home/engineering/st/stm32cubeide_1.16.1/plugins/com.st.stm32cube.ide.mcu.externaltools.gnu-tools-for-stm32.12.3.rel1.linux64_1.0.200.202406132123/tools/bin/../lib/gcc/arm-none-eabi/12.3.1/thumb/v7e-m+fp/hard/libgcc.a(_aeabi_uldivmod.o)
                0x080001c8                __aeabi_uldivmod
 .text          0x080001f8      0x2bc /home/engineering/st/stm32cubeide_1.16.1/plugins/com.st.stm32cube.ide.mcu.externaltools.gnu-tools-for-stm32.12.3.rel1.linux64_1.0.200.202406132123/tools/bin/../lib/gcc/arm-none-eabi/12.3.1/thumb/v7e-m+fp/hard/libgcc.a(_udivmoddi4.o)
                0x080001f8                __udivmoddi4
 .text          0x080004b4        0x4 /home/engineering/st/stm32cubeide_1.16.1/plugins/com.st.stm32cube.ide.mcu.externaltools.gnu-tools-for-stm32.12.3.rel1.linux64_1.0.200.202406132123/tools/bin/../lib/gcc/arm-none-eabi/12.3.1/thumb/v7e-m+fp/hard/libgcc.a(_dvmd_tls.o)
                0x080004b4                __aeabi_ldiv0
                0x080004b4                __aeabi_idiv0
 *(.text*)
 .text.main     0x080004b8       0x9c ./Core/Src/main.o
                0x080004b8                main
 .text.SystemClock_Config
                0x08000554       0xd4 ./Core/Src/main.o
                0x08000554                SystemClock_Config
 .text.MX_GPIO_Init
                0x08000628      0x2bc ./Core/Src/main.o
 .text.task1_handler
                0x080008e4       0x28 ./Core/Src/main.o
 .text.task2_handler
                0x0800090c       0x28 ./Core/Src/main.o
 .text.HAL_TIM_PeriodElapsedCallback
                0x08000934       0x24 ./Core/Src/main.o
                0x08000934                HAL_TIM_PeriodElapsedCallback
 .text.Error_Handler
                0x08000958        0xc ./Core/Src/main.o
                0x08000958                Error_Handler
 .text.HAL_MspInit
                0x08000964       0x50 ./Core/Src/stm32f4xx_hal_msp.o
                0x08000964                HAL_MspInit
 .text.HAL_InitTick
                0x080009b4       0xf8 ./Core/Src/stm32f4xx_hal_timebase_tim.o
                0x080009b4                HAL_InitTick
 .text.NMI_Handler
                0x08000aac        0x8 ./Core/Src/stm32f4xx_it.o
                0x08000aac                NMI_Handler
 .text.HardFault_Handler
                0x08000ab4        0x8 ./Core/Src/stm32f4xx_it.o
                0x08000ab4                HardFault_Handler
 .text.MemManage_Handler
                0x08000abc        0x8 ./Core/Src/stm32f4xx_it.o
                0x08000abc                MemManage_Handler
 .text.BusFault_Handler
                0x08000ac4        0x8 ./Core/Src/stm32f4xx_it.o
                0x08000ac4                BusFault_Handler
 .text.UsageFault_Handler
                0x08000acc        0x8 ./Core/Src/stm32f4xx_it.o
                0x08000acc                UsageFault_Handler
 .text.DebugMon_Handler
                0x08000ad4        0xe ./Core/Src/stm32f4xx_it.o
                0x08000ad4                DebugMon_Handler
 *fill*         0x08000ae2        0x2 
 .text.TIM6_DAC_IRQHandler
                0x08000ae4       0x14 ./Core/Src/stm32f4xx_it.o
                0x08000ae4                TIM6_DAC_IRQHandler
 .text.ITM_SendChar
                0x08000af8       0x50 ./Core/Src/syscalls.o
                0x08000af8                ITM_SendChar
 .text._read    0x08000b48       0x3a ./Core/Src/syscalls.o
                0x08000b48                _read
 .text._write   0x08000b82       0x38 ./Core/Src/syscalls.o
                0x08000b82                _write
 .text._close   0x08000bba       0x18 ./Core/Src/syscalls.o
                0x08000bba                _close
 .text._fstat   0x08000bd2       0x20 ./Core/Src/syscalls.o
                0x08000bd2                _fstat
 .text._isatty  0x08000bf2       0x16 ./Core/Src/syscalls.o
                0x08000bf2                _isatty
 .text._lseek   0x08000c08       0x1a ./Core/Src/syscalls.o
                0x08000c08                _lseek
 *fill*         0x08000c22        0x2 
 .text.SystemInit
                0x08000c24       0x24 ./Core/Src/system_stm32f4xx.o
                0x08000c24                SystemInit
 .text.Reset_Handler
                0x08000c48       0x50 ./Core/Startup/startup_stm32f407vgtx.o
                0x08000c48                Reset_Handler
 .text.Default_Handler
                0x08000c98        0x2 ./Core/Startup/startup_stm32f407vgtx.o
                0x08000c98                RTC_Alarm_IRQHandler
                0x08000c98                HASH_RNG_IRQHandler
                0x08000c98                EXTI2_IRQHandler
                0x08000c98                TIM8_CC_IRQHandler
                0x08000c98                TIM1_CC_IRQHandler
                0x08000c98                DMA2_Stream5_IRQHandler
                0x08000c98                DMA1_Stream5_IRQHandler
                0x08000c98                PVD_IRQHandler
                0x08000c98                SDIO_IRQHandler
                0x08000c98                TAMP_STAMP_IRQHandler
                0x08000c98                CAN2_RX1_IRQHandler
                0x08000c98                EXTI3_IRQHandler
                0x08000c98                TIM8_TRG_COM_TIM14_IRQHandler
                0x08000c98                TIM1_UP_TIM10_IRQHandler
                0x08000c98                TIM8_UP_TIM13_IRQHandler
                0x08000c98                I2C3_ER_IRQHandler
                0x08000c98                EXTI0_IRQHandler
                0x08000c98                I2C2_EV_IRQHandler
                0x08000c98                DMA1_Stream2_IRQHandler
                0x08000c98                CAN1_RX0_IRQHandler
                0x08000c98                FPU_IRQHandler
                0x08000c98                OTG_HS_WKUP_IRQHandler
                0x08000c98                CAN2_SCE_IRQHandler
                0x08000c98                DMA2_Stream2_IRQHandler
                0x08000c98                SPI1_IRQHandler
                0x08000c98                TIM1_BRK_TIM9_IRQHandler
                0x08000c98                DCMI_IRQHandler
                0x08000c98                CAN2_RX0_IRQHandler
                0x08000c98                DMA2_Stream3_IRQHandler
                0x08000c98                USART6_IRQHandler
                0x08000c98                USART3_IRQHandler
                0x08000c98                CAN1_RX1_IRQHandler
                0x08000c98                UART5_IRQHandler
                0x08000c98                DMA2_Stream0_IRQHandler
                0x08000c98                TIM4_IRQHandler
                0x08000c98                I2C1_EV_IRQHandler
                0x08000c98                DMA1_Stream6_IRQHandler
                0x08000c98                DMA1_Stream1_IRQHandler
                0x08000c98                UART4_IRQHandler
                0x08000c98                TIM3_IRQHandler
                0x08000c98                RCC_IRQHandler
                0x08000c98                TIM8_BRK_TIM12_IRQHandler
                0x08000c98                Default_Handler
                0x08000c98                EXTI15_10_IRQHandler
                0x08000c98                ADC_IRQHandler
                0x08000c98                DMA1_Stream7_IRQHandler
                0x08000c98                TIM7_IRQHandler
                0x08000c98                CAN2_TX_IRQHandler
                0x08000c98                TIM5_IRQHandler
                0x08000c98                DMA2_Stream7_IRQHandler
                0x08000c98                I2C3_EV_IRQHandler
                0x08000c98                EXTI9_5_IRQHandler
                0x08000c98                RTC_WKUP_IRQHandler
                0x08000c98                ETH_WKUP_IRQHandler
                0x08000c98                SPI2_IRQHandler
                0x08000c98                OTG_HS_EP1_IN_IRQHandler
                0x08000c98                DMA1_Stream0_IRQHandler
                0x08000c98                CAN1_TX_IRQHandler
                0x08000c98                EXTI4_IRQHandler
                0x08000c98                FSMC_IRQHandler
                0x08000c98                ETH_IRQHandler
                0x08000c98                OTG_HS_EP1_OUT_IRQHandler
                0x08000c98                WWDG_IRQHandler
                0x08000c98                TIM2_IRQHandler
                0x08000c98                OTG_FS_WKUP_IRQHandler
                0x08000c98                TIM1_TRG_COM_TIM11_IRQHandler
                0x08000c98                OTG_HS_IRQHandler
                0x08000c98                EXTI1_IRQHandler
                0x08000c98                USART2_IRQHandler
                0x08000c98                I2C2_ER_IRQHandler
                0x08000c98                DMA2_Stream1_IRQHandler
                0x08000c98                CAN1_SCE_IRQHandler
                0x08000c98                FLASH_IRQHandler
                0x08000c98                DMA2_Stream4_IRQHandler
                0x08000c98                USART1_IRQHandler
                0x08000c98                OTG_FS_IRQHandler
                0x08000c98                SPI3_IRQHandler
                0x08000c98                DMA1_Stream4_IRQHandler
                0x08000c98                I2C1_ER_IRQHandler
                0x08000c98                DMA2_Stream6_IRQHandler
                0x08000c98                DMA1_Stream3_IRQHandler
 *fill*         0x08000c9a        0x2 
 .text.HAL_Init
                0x08000c9c       0x44 ./Drivers/STM32F4xx_HAL_Driver/Src/stm32f4xx_hal.o
                0x08000c9c                HAL_Init
 .text.HAL_IncTick
                0x08000ce0       0x28 ./Drivers/STM32F4xx_HAL_Driver/Src/stm32f4xx_hal.o
                0x08000ce0                HAL_IncTick
 .text.HAL_GetTick
                0x08000d08       0x18 ./Drivers/STM32F4xx_HAL_Driver/Src/stm32f4xx_hal.o
                0x08000d08                HAL_GetTick
 .text.__NVIC_SetPriorityGrouping
                0x08000d20       0x48 ./Drivers/STM32F4xx_HAL_Driver/Src/stm32f4xx_hal_cortex.o
 .text.__NVIC_GetPriorityGrouping
                0x08000d68       0x1c ./Drivers/STM32F4xx_HAL_Driver/Src/stm32f4xx_hal_cortex.o
 .text.__NVIC_EnableIRQ
                0x08000d84       0x3c ./Drivers/STM32F4xx_HAL_Driver/Src/stm32f4xx_hal_cortex.o
 .text.__NVIC_SetPriority
                0x08000dc0       0x54 ./Drivers/STM32F4xx_HAL_Driver/Src/stm32f4xx_hal_cortex.o
 .text.NVIC_EncodePriority
                0x08000e14       0x66 ./Drivers/STM32F4xx_HAL_Driver/Src/stm32f4xx_hal_cortex.o
 .text.HAL_NVIC_SetPriorityGrouping
                0x08000e7a       0x16 ./Drivers/STM32F4xx_HAL_Driver/Src/stm32f4xx_hal_cortex.o
                0x08000e7a                HAL_NVIC_SetPriorityGrouping
 .text.HAL_NVIC_SetPriority
                0x08000e90       0x38 ./Drivers/STM32F4xx_HAL_Driver/Src/stm32f4xx_hal_cortex.o
                0x08000e90                HAL_NVIC_SetPriority
 .text.HAL_NVIC_EnableIRQ
                0x08000ec8       0x1c ./Drivers/STM32F4xx_HAL_Driver/Src/stm32f4xx_hal_cortex.o
                0x08000ec8                HAL_NVIC_EnableIRQ
 .text.HAL_GPIO_Init
                0x08000ee4      0x338 ./Drivers/STM32F4xx_HAL_Driver/Src/stm32f4xx_hal_gpio.o
                0x08000ee4                HAL_GPIO_Init
 .text.HAL_GPIO_WritePin
                0x0800121c       0x32 ./Drivers/STM32F4xx_HAL_Driver/Src/stm32f4xx_hal_gpio.o
                0x0800121c                HAL_GPIO_WritePin
 *fill*         0x0800124e        0x2 
 .text.HAL_RCC_OscConfig
                0x08001250      0x4f0 ./Drivers/STM32F4xx_HAL_Driver/Src/stm32f4xx_hal_rcc.o
                0x08001250                HAL_RCC_OscConfig
 .text.HAL_RCC_ClockConfig
                0x08001740      0x1cc ./Drivers/STM32F4xx_HAL_Driver/Src/stm32f4xx_hal_rcc.o
                0x08001740                HAL_RCC_ClockConfig
 .text.HAL_RCC_GetSysClockFreq
                0x0800190c      0x20c ./Drivers/STM32F4xx_HAL_Driver/Src/stm32f4xx_hal_rcc.o
                0x0800190c                HAL_RCC_GetSysClockFreq
 .text.HAL_RCC_GetHCLKFreq
                0x08001b18       0x18 ./Drivers/STM32F4xx_HAL_Driver/Src/stm32f4xx_hal_rcc.o
                0x08001b18                HAL_RCC_GetHCLKFreq
 .text.HAL_RCC_GetPCLK1Freq
                0x08001b30       0x28 ./Drivers/STM32F4xx_HAL_Driver/Src/stm32f4xx_hal_rcc.o
                0x08001b30                HAL_RCC_GetPCLK1Freq
 .text.HAL_RCC_GetClockConfig
                0x08001b58       0x64 ./Drivers/STM32F4xx_HAL_Driver/Src/stm32f4xx_hal_rcc.o
                0x08001b58                HAL_RCC_GetClockConfig
 .text.HAL_TIM_Base_Init
                0x08001bbc       0x9e ./Drivers/STM32F4xx_HAL_Driver/Src/stm32f4xx_hal_tim.o
                0x08001bbc                HAL_TIM_Base_Init
 .text.HAL_TIM_Base_MspInit
                0x08001c5a       0x14 ./Drivers/STM32F4xx_HAL_Driver/Src/stm32f4xx_hal_tim.o
                0x08001c5a                HAL_TIM_Base_MspInit
 *fill*         0x08001c6e        0x2 
 .text.HAL_TIM_Base_Start_IT
                0x08001c70       0xe0 ./Drivers/STM32F4xx_HAL_Driver/Src/stm32f4xx_hal_tim.o
                0x08001c70                HAL_TIM_Base_Start_IT
 .text.HAL_TIM_IRQHandler
                0x08001d50      0x1e0 ./Drivers/STM32F4xx_HAL_Driver/Src/stm32f4xx_hal_tim.o
                0x08001d50                HAL_TIM_IRQHandler
 .text.HAL_TIM_OC_DelayElapsedCallback
                0x08001f30       0x14 ./Drivers/STM32F4xx_HAL_Driver/Src/stm32f4xx_hal_tim.o
                0x08001f30                HAL_TIM_OC_DelayElapsedCallback
 .text.HAL_TIM_IC_CaptureCallback
                0x08001f44       0x14 ./Drivers/STM32F4xx_HAL_Driver/Src/stm32f4xx_hal_tim.o
                0x08001f44                HAL_TIM_IC_CaptureCallback
 .text.HAL_TIM_PWM_PulseFinishedCallback
                0x08001f58       0x14 ./Drivers/STM32F4xx_HAL_Driver/Src/stm32f4xx_hal_tim.o
                0x08001f58                HAL_TIM_PWM_PulseFinishedCallback
 .text.HAL_TIM_TriggerCallback
                0x08001f6c       0x14 ./Drivers/STM32F4xx_HAL_Driver/Src/stm32f4xx_hal_tim.o
                0x08001f6c                HAL_TIM_TriggerCallback
 .text.TIM_Base_SetConfig
                0x08001f80      0x158 ./Drivers/STM32F4xx_HAL_Driver/Src/stm32f4xx_hal_tim.o
                0x08001f80                TIM_Base_SetConfig
 .text.HAL_TIMEx_CommutCallback
                0x080020d8       0x14 ./Drivers/STM32F4xx_HAL_Driver/Src/stm32f4xx_hal_tim_ex.o
                0x080020d8                HAL_TIMEx_CommutCallback
 .text.HAL_TIMEx_BreakCallback
                0x080020ec       0x14 ./Drivers/STM32F4xx_HAL_Driver/Src/stm32f4xx_hal_tim_ex.o
                0x080020ec                HAL_TIMEx_BreakCallback
 .text.vListInitialise
                0x08002100       0x40 ./ThirdParty/FreeRTOS/list.o
                0x08002100                vListInitialise
 .text.vListInitialiseItem
                0x08002140       0x1a ./ThirdParty/FreeRTOS/list.o
                0x08002140                vListInitialiseItem
 .text.vListInsert
                0x0800215a       0x72 ./ThirdParty/FreeRTOS/list.o
                0x0800215a                vListInsert
 .text.uxListRemove
                0x080021cc       0x54 ./ThirdParty/FreeRTOS/list.o
                0x080021cc                uxListRemove
 .text.xQueueGenericReset
                0x08002220      0x108 ./ThirdParty/FreeRTOS/queue.o
                0x08002220                xQueueGenericReset
 .text.xQueueGenericCreate
                0x08002328       0x9e ./ThirdParty/FreeRTOS/queue.o
                0x08002328                xQueueGenericCreate
 .text.prvInitialiseNewQueue
                0x080023c6       0x46 ./ThirdParty/FreeRTOS/queue.o
 .text.xQueueReceive
                0x0800240c      0x1b0 ./ThirdParty/FreeRTOS/queue.o
                0x0800240c                xQueueReceive
 .text.prvCopyDataFromQueue
                0x080025bc       0x4c ./ThirdParty/FreeRTOS/queue.o
 .text.prvUnlockQueue
                0x08002608       0xa4 ./ThirdParty/FreeRTOS/queue.o
 .text.prvIsQueueEmpty
                0x080026ac       0x2c ./ThirdParty/FreeRTOS/queue.o
 .text.vQueueAddToRegistry
                0x080026d8       0xa0 ./ThirdParty/FreeRTOS/queue.o
                0x080026d8                vQueueAddToRegistry
 .text.vQueueWaitForMessageRestricted
                0x08002778       0x68 ./ThirdParty/FreeRTOS/queue.o
                0x08002778                vQueueWaitForMessageRestricted
 .text.prvCreateTask
                0x080027e0       0x78 ./ThirdParty/FreeRTOS/tasks.o
 .text.xTaskCreate
                0x08002858       0x46 ./ThirdParty/FreeRTOS/tasks.o
                0x08002858                xTaskCreate
 .text.prvInitialiseNewTask
                0x0800289e      0x120 ./ThirdParty/FreeRTOS/tasks.o
 *fill*         0x080029be        0x2 
 .text.prvAddNewTaskToReadyList
                0x080029c0      0x10c ./ThirdParty/FreeRTOS/tasks.o
 .text.prvCreateIdleTasks
                0x08002acc       0x94 ./ThirdParty/FreeRTOS/tasks.o
 .text.vTaskStartScheduler
                0x08002b60       0x88 ./ThirdParty/FreeRTOS/tasks.o
                0x08002b60                vTaskStartScheduler
 .text.vTaskSuspendAll
                0x08002be8       0x1c ./ThirdParty/FreeRTOS/tasks.o
                0x08002be8                vTaskSuspendAll
 .text.xTaskResumeAll
                0x08002c04      0x1f0 ./ThirdParty/FreeRTOS/tasks.o
                0x08002c04                xTaskResumeAll
 .text.xTaskGetTickCount
                0x08002df4       0x20 ./ThirdParty/FreeRTOS/tasks.o
                0x08002df4                xTaskGetTickCount
 .text.xTaskIncrementTick
                0x08002e14      0x1ec ./ThirdParty/FreeRTOS/tasks.o
                0x08002e14                xTaskIncrementTick
 .text.vTaskSwitchContext
                0x08003000       0xbc ./ThirdParty/FreeRTOS/tasks.o
                0x08003000                vTaskSwitchContext
 .text.vTaskPlaceOnEventList
                0x080030bc       0x4c ./ThirdParty/FreeRTOS/tasks.o
                0x080030bc                vTaskPlaceOnEventList
 .text.vTaskPlaceOnEventListRestricted
                0x08003108       0x8c ./ThirdParty/FreeRTOS/tasks.o
                0x08003108                vTaskPlaceOnEventListRestricted
 .text.xTaskRemoveFromEventList
                0x08003194      0x1b4 ./ThirdParty/FreeRTOS/tasks.o
                0x08003194                xTaskRemoveFromEventList
 .text.vTaskInternalSetTimeOutState
                0x08003348       0x2c ./ThirdParty/FreeRTOS/tasks.o
                0x08003348                vTaskInternalSetTimeOutState
 .text.xTaskCheckForTimeOut
                0x08003374       0xd0 ./ThirdParty/FreeRTOS/tasks.o
                0x08003374                xTaskCheckForTimeOut
 .text.vTaskMissedYield
                0x08003444       0x18 ./ThirdParty/FreeRTOS/tasks.o
                0x08003444                vTaskMissedYield
 .text.prvIdleTask
                0x0800345c       0x24 ./ThirdParty/FreeRTOS/tasks.o
 .text.prvInitialiseTaskLists
                0x08003480       0x80 ./ThirdParty/FreeRTOS/tasks.o
 .text.prvCheckTasksWaitingTermination
                0x08003500       0x5c ./ThirdParty/FreeRTOS/tasks.o
 .text.prvDeleteTCB
                0x0800355c       0x20 ./ThirdParty/FreeRTOS/tasks.o
 .text.prvResetNextTaskUnblockTime
                0x0800357c       0x38 ./ThirdParty/FreeRTOS/tasks.o
 .text.xTaskGetSchedulerState
                0x080035b4       0x3c ./ThirdParty/FreeRTOS/tasks.o
                0x080035b4                xTaskGetSchedulerState
 .text.prvAddCurrentTaskToDelayedList
                0x080035f0      0x104 ./ThirdParty/FreeRTOS/tasks.o
 .text.xTimerCreateTimerTask
                0x080036f4       0x68 ./ThirdParty/FreeRTOS/timers.o
                0x080036f4                xTimerCreateTimerTask
 .text.prvReloadTimer
                0x0800375c       0x42 ./ThirdParty/FreeRTOS/timers.o
 *fill*         0x0800379e        0x2 
 .text.prvProcessExpiredTimer
                0x080037a0       0x60 ./ThirdParty/FreeRTOS/timers.o
 .text.prvTimerTask
                0x08003800       0x26 ./ThirdParty/FreeRTOS/timers.o
 *fill*         0x08003826        0x2 
 .text.prvProcessTimerOrBlockTask
                0x08003828       0x9c ./ThirdParty/FreeRTOS/timers.o
 .text.prvGetNextExpireTime
                0x080038c4       0x48 ./ThirdParty/FreeRTOS/timers.o
 .text.prvSampleTimeNow
                0x0800390c       0x40 ./ThirdParty/FreeRTOS/timers.o
 .text.prvInsertTimerInActiveList
                0x0800394c       0x84 ./ThirdParty/FreeRTOS/timers.o
 .text.prvProcessReceivedCommands
                0x080039d0      0x190 ./ThirdParty/FreeRTOS/timers.o
 .text.prvSwitchTimerLists
                0x08003b60       0x4c ./ThirdParty/FreeRTOS/timers.o
 .text.prvCheckForValidListAndQueue
                0x08003bac       0x6c ./ThirdParty/FreeRTOS/timers.o
 .text.pxPortInitialiseStack
                0x08003c18       0x68 ./ThirdParty/FreeRTOS/portable/GCC/ARM_CM4F/port.o
                0x08003c18                pxPortInitialiseStack
 .text.prvTaskExitError
                0x08003c80       0x5c ./ThirdParty/FreeRTOS/portable/GCC/ARM_CM4F/port.o
 .text.SVC_Handler
                0x08003cdc       0x24 ./ThirdParty/FreeRTOS/portable/GCC/ARM_CM4F/port.o
                0x08003cdc                SVC_Handler
 .text.prvPortStartFirstTask
                0x08003d00       0x2c ./ThirdParty/FreeRTOS/portable/GCC/ARM_CM4F/port.o
 .text.xPortStartScheduler
                0x08003d2c      0x1e0 ./ThirdParty/FreeRTOS/portable/GCC/ARM_CM4F/port.o
                0x08003d2c                xPortStartScheduler
 .text.vPortEnterCritical
                0x08003f0c       0x64 ./ThirdParty/FreeRTOS/portable/GCC/ARM_CM4F/port.o
                0x08003f0c                vPortEnterCritical
 .text.vPortExitCritical
                0x08003f70       0x54 ./ThirdParty/FreeRTOS/portable/GCC/ARM_CM4F/port.o
                0x08003f70                vPortExitCritical
 .text.PendSV_Handler
                0x08003fc4       0x64 ./ThirdParty/FreeRTOS/portable/GCC/ARM_CM4F/port.o
                0x08003fc4                PendSV_Handler
 .text.SysTick_Handler
                0x08004028       0x44 ./ThirdParty/FreeRTOS/portable/GCC/ARM_CM4F/port.o
                0x08004028                SysTick_Handler
 .text.vPortSetupTimerInterrupt
                0x0800406c       0x48 ./ThirdParty/FreeRTOS/portable/GCC/ARM_CM4F/port.o
                0x0800406c                vPortSetupTimerInterrupt
 .text.vPortEnableVFP
                0x080040b4       0x18 ./ThirdParty/FreeRTOS/portable/GCC/ARM_CM4F/port.o
 .text.pvPortMalloc
                0x080040cc      0x270 ./ThirdParty/FreeRTOS/portable/MemMang/heap_4.o
                0x080040cc                pvPortMalloc
 .text.vPortFree
                0x0800433c       0xf4 ./ThirdParty/FreeRTOS/portable/MemMang/heap_4.o
                0x0800433c                vPortFree
 .text.prvHeapInit
                0x08004430       0xb4 ./ThirdParty/FreeRTOS/portable/MemMang/heap_4.o
 .text.prvInsertBlockIntoFreeList
                0x080044e4       0xf4 ./ThirdParty/FreeRTOS/portable/MemMang/heap_4.o
 .text.std      0x080045d8       0x6c /home/engineering/st/stm32cubeide_1.16.1/plugins/com.st.stm32cube.ide.mcu.externaltools.gnu-tools-for-stm32.12.3.rel1.linux64_1.0.200.202406132123/tools/bin/../lib/gcc/arm-none-eabi/12.3.1/../../../../arm-none-eabi/lib/thumb/v7e-m+fp/hard/libc_nano.a(libc_a-findfp.o)
 .text.stdio_exit_handler
                0x08004644       0x18 /home/engineering/st/stm32cubeide_1.16.1/plugins/com.st.stm32cube.ide.mcu.externaltools.gnu-tools-for-stm32.12.3.rel1.linux64_1.0.200.202406132123/tools/bin/../lib/gcc/arm-none-eabi/12.3.1/../../../../arm-none-eabi/lib/thumb/v7e-m+fp/hard/libc_nano.a(libc_a-findfp.o)
 .text.cleanup_stdio
                0x0800465c       0x40 /home/engineering/st/stm32cubeide_1.16.1/plugins/com.st.stm32cube.ide.mcu.externaltools.gnu-tools-for-stm32.12.3.rel1.linux64_1.0.200.202406132123/tools/bin/../lib/gcc/arm-none-eabi/12.3.1/../../../../arm-none-eabi/lib/thumb/v7e-m+fp/hard/libc_nano.a(libc_a-findfp.o)
 .text.global_stdio_init.part.0
                0x0800469c       0x3c /home/engineering/st/stm32cubeide_1.16.1/plugins/com.st.stm32cube.ide.mcu.externaltools.gnu-tools-for-stm32.12.3.rel1.linux64_1.0.200.202406132123/tools/bin/../lib/gcc/arm-none-eabi/12.3.1/../../../../arm-none-eabi/lib/thumb/v7e-m+fp/hard/libc_nano.a(libc_a-findfp.o)
 .text.__sfp_lock_acquire
                0x080046d8        0xc /home/engineering/st/stm32cubeide_1.16.1/plugins/com.st.stm32cube.ide.mcu.externaltools.gnu-tools-for-stm32.12.3.rel1.linux64_1.0.200.202406132123/tools/bin/../lib/gcc/arm-none-eabi/12.3.1/../../../../arm-none-eabi/lib/thumb/v7e-m+fp/hard/libc_nano.a(libc_a-findfp.o)
                0x080046d8                __sfp_lock_acquire
 .text.__sfp_lock_release
                0x080046e4        0xc /home/engineering/st/stm32cubeide_1.16.1/plugins/com.st.stm32cube.ide.mcu.externaltools.gnu-tools-for-stm32.12.3.rel1.linux64_1.0.200.202406132123/tools/bin/../lib/gcc/arm-none-eabi/12.3.1/../../../../arm-none-eabi/lib/thumb/v7e-m+fp/hard/libc_nano.a(libc_a-findfp.o)
                0x080046e4                __sfp_lock_release
 .text.__sinit  0x080046f0       0x30 /home/engineering/st/stm32cubeide_1.16.1/plugins/com.st.stm32cube.ide.mcu.externaltools.gnu-tools-for-stm32.12.3.rel1.linux64_1.0.200.202406132123/tools/bin/../lib/gcc/arm-none-eabi/12.3.1/../../../../arm-none-eabi/lib/thumb/v7e-m+fp/hard/libc_nano.a(libc_a-findfp.o)
                0x080046f0                __sinit
 .text._fwalk_sglue
                0x08004720       0x3c /home/engineering/st/stm32cubeide_1.16.1/plugins/com.st.stm32cube.ide.mcu.externaltools.gnu-tools-for-stm32.12.3.rel1.linux64_1.0.200.202406132123/tools/bin/../lib/gcc/arm-none-eabi/12.3.1/../../../../arm-none-eabi/lib/thumb/v7e-m+fp/hard/libc_nano.a(libc_a-fwalk.o)
                0x08004720                _fwalk_sglue
 .text._puts_r  0x0800475c       0xaa /home/engineering/st/stm32cubeide_1.16.1/plugins/com.st.stm32cube.ide.mcu.externaltools.gnu-tools-for-stm32.12.3.rel1.linux64_1.0.200.202406132123/tools/bin/../lib/gcc/arm-none-eabi/12.3.1/../../../../arm-none-eabi/lib/thumb/v7e-m+fp/hard/libc_nano.a(libc_a-puts.o)
                0x0800475c                _puts_r
 *fill*         0x08004806        0x2 
 .text.puts     0x08004808       0x10 /home/engineering/st/stm32cubeide_1.16.1/plugins/com.st.stm32cube.ide.mcu.externaltools.gnu-tools-for-stm32.12.3.rel1.linux64_1.0.200.202406132123/tools/bin/../lib/gcc/arm-none-eabi/12.3.1/../../../../arm-none-eabi/lib/thumb/v7e-m+fp/hard/libc_nano.a(libc_a-puts.o)
                0x08004808                puts
 .text.__sread  0x08004818       0x22 /home/engineering/st/stm32cubeide_1.16.1/plugins/com.st.stm32cube.ide.mcu.externaltools.gnu-tools-for-stm32.12.3.rel1.linux64_1.0.200.202406132123/tools/bin/../lib/gcc/arm-none-eabi/12.3.1/../../../../arm-none-eabi/lib/thumb/v7e-m+fp/hard/libc_nano.a(libc_a-stdio.o)
                0x08004818                __sread
 .text.__swrite
                0x0800483a       0x38 /home/engineering/st/stm32cubeide_1.16.1/plugins/com.st.stm32cube.ide.mcu.externaltools.gnu-tools-for-stm32.12.3.rel1.linux64_1.0.200.202406132123/tools/bin/../lib/gcc/arm-none-eabi/12.3.1/../../../../arm-none-eabi/lib/thumb/v7e-m+fp/hard/libc_nano.a(libc_a-stdio.o)
                0x0800483a                __swrite
 .text.__sseek  0x08004872       0x24 /home/engineering/st/stm32cubeide_1.16.1/plugins/com.st.stm32cube.ide.mcu.externaltools.gnu-tools-for-stm32.12.3.rel1.linux64_1.0.200.202406132123/tools/bin/../lib/gcc/arm-none-eabi/12.3.1/../../../../arm-none-eabi/lib/thumb/v7e-m+fp/hard/libc_nano.a(libc_a-stdio.o)
                0x08004872                __sseek
 .text.__sclose
                0x08004896        0x8 /home/engineering/st/stm32cubeide_1.16.1/plugins/com.st.stm32cube.ide.mcu.externaltools.gnu-tools-for-stm32.12.3.rel1.linux64_1.0.200.202406132123/tools/bin/../lib/gcc/arm-none-eabi/12.3.1/../../../../arm-none-eabi/lib/thumb/v7e-m+fp/hard/libc_nano.a(libc_a-stdio.o)
                0x08004896                __sclose
 .text.__swbuf_r
                0x0800489e       0x7c /home/engineering/st/stm32cubeide_1.16.1/plugins/com.st.stm32cube.ide.mcu.externaltools.gnu-tools-for-stm32.12.3.rel1.linux64_1.0.200.202406132123/tools/bin/../lib/gcc/arm-none-eabi/12.3.1/../../../../arm-none-eabi/lib/thumb/v7e-m+fp/hard/libc_nano.a(libc_a-wbuf.o)
                0x0800489e                __swbuf_r
 *fill*         0x0800491a        0x2 
 .text.__swsetup_r
                0x0800491c       0xac /home/engineering/st/stm32cubeide_1.16.1/plugins/com.st.stm32cube.ide.mcu.externaltools.gnu-tools-for-stm32.12.3.rel1.linux64_1.0.200.202406132123/tools/bin/../lib/gcc/arm-none-eabi/12.3.1/../../../../arm-none-eabi/lib/thumb/v7e-m+fp/hard/libc_nano.a(libc_a-wsetup.o)
                0x0800491c                __swsetup_r
 .text.memset   0x080049c8       0x10 /home/engineering/st/stm32cubeide_1.16.1/plugins/com.st.stm32cube.ide.mcu.externaltools.gnu-tools-for-stm32.12.3.rel1.linux64_1.0.200.202406132123/tools/bin/../lib/gcc/arm-none-eabi/12.3.1/../../../../arm-none-eabi/lib/thumb/v7e-m+fp/hard/libc_nano.a(libc_a-memset.o)
                0x080049c8                memset
 .text._close_r
                0x080049d8       0x20 /home/engineering/st/stm32cubeide_1.16.1/plugins/com.st.stm32cube.ide.mcu.externaltools.gnu-tools-for-stm32.12.3.rel1.linux64_1.0.200.202406132123/tools/bin/../lib/gcc/arm-none-eabi/12.3.1/../../../../arm-none-eabi/lib/thumb/v7e-m+fp/hard/libc_nano.a(libc_a-closer.o)
                0x080049d8                _close_r
 .text._lseek_r
                0x080049f8       0x24 /home/engineering/st/stm32cubeide_1.16.1/plugins/com.st.stm32cube.ide.mcu.externaltools.gnu-tools-for-stm32.12.3.rel1.linux64_1.0.200.202406132123/tools/bin/../lib/gcc/arm-none-eabi/12.3.1/../../../../arm-none-eabi/lib/thumb/v7e-m+fp/hard/libc_nano.a(libc_a-lseekr.o)
                0x080049f8                _lseek_r
 .text._read_r  0x08004a1c       0x24 /home/engineering/st/stm32cubeide_1.16.1/plugins/com.st.stm32cube.ide.mcu.externaltools.gnu-tools-for-stm32.12.3.rel1.linux64_1.0.200.202406132123/tools/bin/../lib/gcc/arm-none-eabi/12.3.1/../../../../arm-none-eabi/lib/thumb/v7e-m+fp/hard/libc_nano.a(libc_a-readr.o)
                0x08004a1c                _read_r
 .text._write_r
                0x08004a40       0x24 /home/engineering/st/stm32cubeide_1.16.1/plugins/com.st.stm32cube.ide.mcu.externaltools.gnu-tools-for-stm32.12.3.rel1.linux64_1.0.200.202406132123/tools/bin/../lib/gcc/arm-none-eabi/12.3.1/../../../../arm-none-eabi/lib/thumb/v7e-m+fp/hard/libc_nano.a(libc_a-writer.o)
                0x08004a40                _write_r
 .text.__libc_init_array
                0x08004a64       0x48 /home/engineering/st/stm32cubeide_1.16.1/plugins/com.st.stm32cube.ide.mcu.externaltools.gnu-tools-for-stm32.12.3.rel1.linux64_1.0.200.202406132123/tools/bin/../lib/gcc/arm-none-eabi/12.3.1/../../../../arm-none-eabi/lib/thumb/v7e-m+fp/hard/libc_nano.a(libc_a-init.o)
                0x08004a64                __libc_init_array
 .text.__retarget_lock_init_recursive
                0x08004aac        0x2 /home/engineering/st/stm32cubeide_1.16.1/plugins/com.st.stm32cube.ide.mcu.externaltools.gnu-tools-for-stm32.12.3.rel1.linux64_1.0.200.202406132123/tools/bin/../lib/gcc/arm-none-eabi/12.3.1/../../../../arm-none-eabi/lib/thumb/v7e-m+fp/hard/libc_nano.a(libc_a-lock.o)
                0x08004aac                __retarget_lock_init_recursive
 .text.__retarget_lock_acquire_recursive
                0x08004aae        0x2 /home/engineering/st/stm32cubeide_1.16.1/plugins/com.st.stm32cube.ide.mcu.externaltools.gnu-tools-for-stm32.12.3.rel1.linux64_1.0.200.202406132123/tools/bin/../lib/gcc/arm-none-eabi/12.3.1/../../../../arm-none-eabi/lib/thumb/v7e-m+fp/hard/libc_nano.a(libc_a-lock.o)
                0x08004aae                __retarget_lock_acquire_recursive
 .text.__retarget_lock_release_recursive
                0x08004ab0        0x2 /home/engineering/st/stm32cubeide_1.16.1/plugins/com.st.stm32cube.ide.mcu.externaltools.gnu-tools-for-stm32.12.3.rel1.linux64_1.0.200.202406132123/tools/bin/../lib/gcc/arm-none-eabi/12.3.1/../../../../arm-none-eabi/lib/thumb/v7e-m+fp/hard/libc_nano.a(libc_a-lock.o)
                0x08004ab0                __retarget_lock_release_recursive
 .text.memcpy   0x08004ab2       0x1c /home/engineering/st/stm32cubeide_1.16.1/plugins/com.st.stm32cube.ide.mcu.externaltools.gnu-tools-for-stm32.12.3.rel1.linux64_1.0.200.202406132123/tools/bin/../lib/gcc/arm-none-eabi/12.3.1/../../../../arm-none-eabi/lib/thumb/v7e-m+fp/hard/libc_nano.a(libc_a-memcpy-stub.o)
                0x08004ab2                memcpy
 *fill*         0x08004ace        0x2 
 .text._free_r  0x08004ad0       0x94 /home/engineering/st/stm32cubeide_1.16.1/plugins/com.st.stm32cube.ide.mcu.externaltools.gnu-tools-for-stm32.12.3.rel1.linux64_1.0.200.202406132123/tools/bin/../lib/gcc/arm-none-eabi/12.3.1/../../../../arm-none-eabi/lib/thumb/v7e-m+fp/hard/libc_nano.a(libc_a-freer.o)
                0x08004ad0                _free_r
 .text.sbrk_aligned
                0x08004b64       0x44 /home/engineering/st/stm32cubeide_1.16.1/plugins/com.st.stm32cube.ide.mcu.externaltools.gnu-tools-for-stm32.12.3.rel1.linux64_1.0.200.202406132123/tools/bin/../lib/gcc/arm-none-eabi/12.3.1/../../../../arm-none-eabi/lib/thumb/v7e-m+fp/hard/libc_nano.a(libc_a-mallocr.o)
 .text._malloc_r
                0x08004ba8      0x100 /home/engineering/st/stm32cubeide_1.16.1/plugins/com.st.stm32cube.ide.mcu.externaltools.gnu-tools-for-stm32.12.3.rel1.linux64_1.0.200.202406132123/tools/bin/../lib/gcc/arm-none-eabi/12.3.1/../../../../arm-none-eabi/lib/thumb/v7e-m+fp/hard/libc_nano.a(libc_a-mallocr.o)
                0x08004ba8                _malloc_r
 .text.__malloc_lock
                0x08004ca8        0xc /home/engineering/st/stm32cubeide_1.16.1/plugins/com.st.stm32cube.ide.mcu.externaltools.gnu-tools-for-stm32.12.3.rel1.linux64_1.0.200.202406132123/tools/bin/../lib/gcc/arm-none-eabi/12.3.1/../../../../arm-none-eabi/lib/thumb/v7e-m+fp/hard/libc_nano.a(libc_a-mlock.o)
                0x08004ca8                __malloc_lock
 .text.__malloc_unlock
                0x08004cb4        0xc /home/engineering/st/stm32cubeide_1.16.1/plugins/com.st.stm32cube.ide.mcu.externaltools.gnu-tools-for-stm32.12.3.rel1.linux64_1.0.200.202406132123/tools/bin/../lib/gcc/arm-none-eabi/12.3.1/../../../../arm-none-eabi/lib/thumb/v7e-m+fp/hard/libc_nano.a(libc_a-mlock.o)
                0x08004cb4                __malloc_unlock
 .text.__sflush_r
                0x08004cc0      0x108 /home/engineering/st/stm32cubeide_1.16.1/plugins/com.st.stm32cube.ide.mcu.externaltools.gnu-tools-for-stm32.12.3.rel1.linux64_1.0.200.202406132123/tools/bin/../lib/gcc/arm-none-eabi/12.3.1/../../../../arm-none-eabi/lib/thumb/v7e-m+fp/hard/libc_nano.a(libc_a-fflush.o)
                0x08004cc0                __sflush_r
 .text._fflush_r
                0x08004dc8       0x50 /home/engineering/st/stm32cubeide_1.16.1/plugins/com.st.stm32cube.ide.mcu.externaltools.gnu-tools-for-stm32.12.3.rel1.linux64_1.0.200.202406132123/tools/bin/../lib/gcc/arm-none-eabi/12.3.1/../../../../arm-none-eabi/lib/thumb/v7e-m+fp/hard/libc_nano.a(libc_a-fflush.o)
                0x08004dc8                _fflush_r
 .text.__swhatbuf_r
                0x08004e18       0x4c /home/engineering/st/stm32cubeide_1.16.1/plugins/com.st.stm32cube.ide.mcu.externaltools.gnu-tools-for-stm32.12.3.rel1.linux64_1.0.200.202406132123/tools/bin/../lib/gcc/arm-none-eabi/12.3.1/../../../../arm-none-eabi/lib/thumb/v7e-m+fp/hard/libc_nano.a(libc_a-makebuf.o)
                0x08004e18                __swhatbuf_r
 .text.__smakebuf_r
                0x08004e64       0x78 /home/engineering/st/stm32cubeide_1.16.1/plugins/com.st.stm32cube.ide.mcu.externaltools.gnu-tools-for-stm32.12.3.rel1.linux64_1.0.200.202406132123/tools/bin/../lib/gcc/arm-none-eabi/12.3.1/../../../../arm-none-eabi/lib/thumb/v7e-m+fp/hard/libc_nano.a(libc_a-makebuf.o)
                0x08004e64                __smakebuf_r
 .text._fstat_r
                0x08004edc       0x24 /home/engineering/st/stm32cubeide_1.16.1/plugins/com.st.stm32cube.ide.mcu.externaltools.gnu-tools-for-stm32.12.3.rel1.linux64_1.0.200.202406132123/tools/bin/../lib/gcc/arm-none-eabi/12.3.1/../../../../arm-none-eabi/lib/thumb/v7e-m+fp/hard/libc_nano.a(libc_a-fstatr.o)
                0x08004edc                _fstat_r
 .text._isatty_r
                0x08004f00       0x20 /home/engineering/st/stm32cubeide_1.16.1/plugins/com.st.stm32cube.ide.mcu.externaltools.gnu-tools-for-stm32.12.3.rel1.linux64_1.0.200.202406132123/tools/bin/../lib/gcc/arm-none-eabi/12.3.1/../../../../arm-none-eabi/lib/thumb/v7e-m+fp/hard/libc_nano.a(libc_a-isattyr.o)
                0x08004f00                _isatty_r
 .text._sbrk_r  0x08004f20       0x20 /home/engineering/st/stm32cubeide_1.16.1/plugins/com.st.stm32cube.ide.mcu.externaltools.gnu-tools-for-stm32.12.3.rel1.linux64_1.0.200.202406132123/tools/bin/../lib/gcc/arm-none-eabi/12.3.1/../../../../arm-none-eabi/lib/thumb/v7e-m+fp/hard/libc_nano.a(libc_a-sbrkr.o)
                0x08004f20                _sbrk_r
 .text._sbrk    0x08004f40       0x1c /home/engineering/st/stm32cubeide_1.16.1/plugins/com.st.stm32cube.ide.mcu.externaltools.gnu-tools-for-stm32.12.3.rel1.linux64_1.0.200.202406132123/tools/bin/../lib/gcc/arm-none-eabi/12.3.1/../../../../arm-none-eabi/lib/thumb/v7e-m+fp/hard/libnosys.a(sbrk.o)
                0x08004f40                _sbrk
 *(.glue_7)
 .glue_7        0x08004f5c        0x0 linker stubs
 *(.glue_7t)
 .glue_7t       0x08004f5c        0x0 linker stubs
 *(.eh_frame)
 .eh_frame      0x08004f5c        0x0 /home/engineering/st/stm32cubeide_1.16.1/plugins/com.st.stm32cube.ide.mcu.externaltools.gnu-tools-for-stm32.12.3.rel1.linux64_1.0.200.202406132123/tools/bin/../lib/gcc/arm-none-eabi/12.3.1/thumb/v7e-m+fp/hard/crtbegin.o
 *(.init)
 .init          0x08004f5c        0x4 /home/engineering/st/stm32cubeide_1.16.1/plugins/com.st.stm32cube.ide.mcu.externaltools.gnu-tools-for-stm32.12.3.rel1.linux64_1.0.200.202406132123/tools/bin/../lib/gcc/arm-none-eabi/12.3.1/thumb/v7e-m+fp/hard/crti.o
                0x08004f5c                _init
 .init          0x08004f60        0x8 /home/engineering/st/stm32cubeide_1.16.1/plugins/com.st.stm32cube.ide.mcu.externaltools.gnu-tools-for-stm32.12.3.rel1.linux64_1.0.200.202406132123/tools/bin/../lib/gcc/arm-none-eabi/12.3.1/thumb/v7e-m+fp/hard/crtn.o
 *(.fini)
 .fini          0x08004f68        0x4 /home/engineering/st/stm32cubeide_1.16.1/plugins/com.st.stm32cube.ide.mcu.externaltools.gnu-tools-for-stm32.12.3.rel1.linux64_1.0.200.202406132123/tools/bin/../lib/gcc/arm-none-eabi/12.3.1/thumb/v7e-m+fp/hard/crti.o
                0x08004f68                _fini
 .fini          0x08004f6c        0x8 /home/engineering/st/stm32cubeide_1.16.1/plugins/com.st.stm32cube.ide.mcu.externaltools.gnu-tools-for-stm32.12.3.rel1.linux64_1.0.200.202406132123/tools/bin/../lib/gcc/arm-none-eabi/12.3.1/thumb/v7e-m+fp/hard/crtn.o
                0x08004f74                        . = ALIGN (0x4)
                0x08004f74                        _etext = .

.vfp11_veneer   0x08004f74        0x0
 .vfp11_veneer  0x08004f74        0x0 linker stubs

.v4_bx          0x08004f74        0x0
 .v4_bx         0x08004f74        0x0 linker stubs

.iplt           0x08004f74        0x0
 .iplt          0x08004f74        0x0 /home/engineering/st/stm32cubeide_1.16.1/plugins/com.st.stm32cube.ide.mcu.externaltools.gnu-tools-for-stm32.12.3.rel1.linux64_1.0.200.202406132123/tools/bin/../lib/gcc/arm-none-eabi/12.3.1/thumb/v7e-m+fp/hard/crtbegin.o

.rodata         0x08004f74       0x70
                0x08004f74                        . = ALIGN (0x4)
 *(.rodata)
 .rodata        0x08004f74       0x3f ./Core/Src/main.o
 *fill*         0x08004fb3        0x1 
 .rodata        0x08004fb4        0x5 ./ThirdParty/FreeRTOS/tasks.o
 *fill*         0x08004fb9        0x3 
 .rodata        0x08004fbc        0xd ./ThirdParty/FreeRTOS/timers.o
 *(.rodata*)
 *fill*         0x08004fc9        0x3 
 .rodata.AHBPrescTable
                0x08004fcc       0x10 ./Core/Src/system_stm32f4xx.o
                0x08004fcc                AHBPrescTable
 .rodata.APBPrescTable
                0x08004fdc        0x8 ./Core/Src/system_stm32f4xx.o
                0x08004fdc                APBPrescTable
                0x08004fe4                        . = ALIGN (0x4)

.ARM.extab      0x08004fe4        0x0
                0x08004fe4                        . = ALIGN (0x4)
 *(.ARM.extab* .gnu.linkonce.armextab.*)
                0x08004fe4                        . = ALIGN (0x4)

.ARM            0x08004fe4        0x8
                0x08004fe4                        . = ALIGN (0x4)
                0x08004fe4                        __exidx_start = .
 *(.ARM.exidx*)
 .ARM.exidx     0x08004fe4        0x8 /home/engineering/st/stm32cubeide_1.16.1/plugins/com.st.stm32cube.ide.mcu.externaltools.gnu-tools-for-stm32.12.3.rel1.linux64_1.0.200.202406132123/tools/bin/../lib/gcc/arm-none-eabi/12.3.1/thumb/v7e-m+fp/hard/libgcc.a(_udivmoddi4.o)
                0x08004fec                        __exidx_end = .
                0x08004fec                        . = ALIGN (0x4)

.preinit_array  0x08004fec        0x0
                0x08004fec                        . = ALIGN (0x4)
                0x08004fec                        PROVIDE (__preinit_array_start = .)
 *(.preinit_array*)
                0x08004fec                        PROVIDE (__preinit_array_end = .)
                0x08004fec                        . = ALIGN (0x4)

.init_array     0x08004fec        0x4
                0x08004fec                        . = ALIGN (0x4)
                0x08004fec                        PROVIDE (__init_array_start = .)
 *(SORT_BY_NAME(.init_array.*))
 *(.init_array*)
 .init_array    0x08004fec        0x4 /home/engineering/st/stm32cubeide_1.16.1/plugins/com.st.stm32cube.ide.mcu.externaltools.gnu-tools-for-stm32.12.3.rel1.linux64_1.0.200.202406132123/tools/bin/../lib/gcc/arm-none-eabi/12.3.1/thumb/v7e-m+fp/hard/crtbegin.o
                0x08004ff0                        PROVIDE (__init_array_end = .)
                0x08004ff0                        . = ALIGN (0x4)

.fini_array     0x08004ff0        0x4
                0x08004ff0                        . = ALIGN (0x4)
                [!provide]                        PROVIDE (__fini_array_start = .)
 *(SORT_BY_NAME(.fini_array.*))
 *(.fini_array*)
 .fini_array    0x08004ff0        0x4 /home/engineering/st/stm32cubeide_1.16.1/plugins/com.st.stm32cube.ide.mcu.externaltools.gnu-tools-for-stm32.12.3.rel1.linux64_1.0.200.202406132123/tools/bin/../lib/gcc/arm-none-eabi/12.3.1/thumb/v7e-m+fp/hard/crtbegin.o
                [!provide]                        PROVIDE (__fini_array_end = .)
                0x08004ff4                        . = ALIGN (0x4)
                0x08004ff4                        _sidata = LOADADDR (.data)

.rel.dyn        0x08004ff4        0x0
 .rel.iplt      0x08004ff4        0x0 /home/engineering/st/stm32cubeide_1.16.1/plugins/com.st.stm32cube.ide.mcu.externaltools.gnu-tools-for-stm32.12.3.rel1.linux64_1.0.200.202406132123/tools/bin/../lib/gcc/arm-none-eabi/12.3.1/thumb/v7e-m+fp/hard/crtbegin.o

.data           0x20000000       0x70 load address 0x08004ff4
                0x20000000                        . = ALIGN (0x4)
                0x20000000                        _sdata = .
 *(.data)
 *(.data*)
 .data.SystemCoreClock
                0x20000000        0x4 ./Core/Src/system_stm32f4xx.o
                0x20000000                SystemCoreClock
 .data.uwTickPrio
                0x20000004        0x4 ./Drivers/STM32F4xx_HAL_Driver/Src/stm32f4xx_hal.o
                0x20000004                uwTickPrio
 .data.uwTickFreq
                0x20000008        0x1 ./Drivers/STM32F4xx_HAL_Driver/Src/stm32f4xx_hal.o
                0x20000008                uwTickFreq
 *fill*         0x20000009        0x3 
 .data.uxTopUsedPriority
                0x2000000c        0x4 ./ThirdParty/FreeRTOS/tasks.o
 .data.uxCriticalNesting
                0x20000010        0x4 ./ThirdParty/FreeRTOS/portable/GCC/ARM_CM4F/port.o
 .data.__sglue  0x20000014        0xc /home/engineering/st/stm32cubeide_1.16.1/plugins/com.st.stm32cube.ide.mcu.externaltools.gnu-tools-for-stm32.12.3.rel1.linux64_1.0.200.202406132123/tools/bin/../lib/gcc/arm-none-eabi/12.3.1/../../../../arm-none-eabi/lib/thumb/v7e-m+fp/hard/libc_nano.a(libc_a-findfp.o)
                0x20000014                __sglue
 .data._impure_ptr
                0x20000020        0x4 /home/engineering/st/stm32cubeide_1.16.1/plugins/com.st.stm32cube.ide.mcu.externaltools.gnu-tools-for-stm32.12.3.rel1.linux64_1.0.200.202406132123/tools/bin/../lib/gcc/arm-none-eabi/12.3.1/../../../../arm-none-eabi/lib/thumb/v7e-m+fp/hard/libc_nano.a(libc_a-impure.o)
                0x20000020                _impure_ptr
 .data._impure_data
                0x20000024       0x4c /home/engineering/st/stm32cubeide_1.16.1/plugins/com.st.stm32cube.ide.mcu.externaltools.gnu-tools-for-stm32.12.3.rel1.linux64_1.0.200.202406132123/tools/bin/../lib/gcc/arm-none-eabi/12.3.1/../../../../arm-none-eabi/lib/thumb/v7e-m+fp/hard/libc_nano.a(libc_a-impure.o)
                0x20000024                _impure_data
 *(.RamFunc)
 *(.RamFunc*)
                0x20000070                        . = ALIGN (0x4)
                0x20000070                        _edata = .
                0x08005064                        _siccmram = LOADADDR (.ccmram)

.igot.plt       0x20000070        0x0 load address 0x08005064
 .igot.plt      0x20000070        0x0 /home/engineering/st/stm32cubeide_1.16.1/plugins/com.st.stm32cube.ide.mcu.externaltools.gnu-tools-for-stm32.12.3.rel1.linux64_1.0.200.202406132123/tools/bin/../lib/gcc/arm-none-eabi/12.3.1/thumb/v7e-m+fp/hard/crtbegin.o

.ccmram         0x10000000        0x0 load address 0x08005064
                0x10000000                        . = ALIGN (0x4)
                0x10000000                        _sccmram = .
 *(.ccmram)
 *(.ccmram*)
                0x10000000                        . = ALIGN (0x4)
                0x10000000                        _eccmram = .
                0x10000000                        . = ALIGN (0x4)

.bss            0x20000070    0x12f5c
                0x20000070                        _sbss = .
                0x20000070                        __bss_start__ = _sbss
 *(.bss)
 .bss           0x20000070       0x1c /home/engineering/st/stm32cubeide_1.16.1/plugins/com.st.stm32cube.ide.mcu.externaltools.gnu-tools-for-stm32.12.3.rel1.linux64_1.0.200.202406132123/tools/bin/../lib/gcc/arm-none-eabi/12.3.1/thumb/v7e-m+fp/hard/crtbegin.o
 *(.bss*)
 .bss.htim6     0x2000008c       0x48 ./Core/Src/stm32f4xx_hal_timebase_tim.o
                0x2000008c                htim6
 .bss.uwTick    0x200000d4        0x4 ./Drivers/STM32F4xx_HAL_Driver/Src/stm32f4xx_hal.o
                0x200000d4                uwTick
 .bss.xQueueRegistry
                0x200000d8       0x40 ./ThirdParty/FreeRTOS/queue.o
                0x200000d8                xQueueRegistry
 .bss.pxCurrentTCB
                0x20000118        0x4 ./ThirdParty/FreeRTOS/tasks.o
                0x20000118                pxCurrentTCB
 .bss.pxReadyTasksLists
                0x2000011c       0x64 ./ThirdParty/FreeRTOS/tasks.o
 .bss.xDelayedTaskList1
                0x20000180       0x14 ./ThirdParty/FreeRTOS/tasks.o
 .bss.xDelayedTaskList2
                0x20000194       0x14 ./ThirdParty/FreeRTOS/tasks.o
 .bss.pxDelayedTaskList
                0x200001a8        0x4 ./ThirdParty/FreeRTOS/tasks.o
 .bss.pxOverflowDelayedTaskList
                0x200001ac        0x4 ./ThirdParty/FreeRTOS/tasks.o
 .bss.xPendingReadyList
                0x200001b0       0x14 ./ThirdParty/FreeRTOS/tasks.o
 .bss.xTasksWaitingTermination
                0x200001c4       0x14 ./ThirdParty/FreeRTOS/tasks.o
 .bss.uxDeletedTasksWaitingCleanUp
                0x200001d8        0x4 ./ThirdParty/FreeRTOS/tasks.o
 .bss.xSuspendedTaskList
                0x200001dc       0x14 ./ThirdParty/FreeRTOS/tasks.o
 .bss.uxCurrentNumberOfTasks
                0x200001f0        0x4 ./ThirdParty/FreeRTOS/tasks.o
 .bss.xTickCount
                0x200001f4        0x4 ./ThirdParty/FreeRTOS/tasks.o
 .bss.uxTopReadyPriority
                0x200001f8        0x4 ./ThirdParty/FreeRTOS/tasks.o
 .bss.xSchedulerRunning
                0x200001fc        0x4 ./ThirdParty/FreeRTOS/tasks.o
 .bss.xPendedTicks
                0x20000200        0x4 ./ThirdParty/FreeRTOS/tasks.o
 .bss.xYieldPendings
                0x20000204        0x4 ./ThirdParty/FreeRTOS/tasks.o
 .bss.xNumOfOverflows
                0x20000208        0x4 ./ThirdParty/FreeRTOS/tasks.o
 .bss.uxTaskNumber
                0x2000020c        0x4 ./ThirdParty/FreeRTOS/tasks.o
 .bss.xNextTaskUnblockTime
                0x20000210        0x4 ./ThirdParty/FreeRTOS/tasks.o
 .bss.xIdleTaskHandles
                0x20000214        0x4 ./ThirdParty/FreeRTOS/tasks.o
 .bss.uxSchedulerSuspended
                0x20000218        0x4 ./ThirdParty/FreeRTOS/tasks.o
 .bss.xActiveTimerList1
                0x2000021c       0x14 ./ThirdParty/FreeRTOS/timers.o
 .bss.xActiveTimerList2
                0x20000230       0x14 ./ThirdParty/FreeRTOS/timers.o
 .bss.pxCurrentTimerList
                0x20000244        0x4 ./ThirdParty/FreeRTOS/timers.o
 .bss.pxOverflowTimerList
                0x20000248        0x4 ./ThirdParty/FreeRTOS/timers.o
 .bss.xTimerQueue
                0x2000024c        0x4 ./ThirdParty/FreeRTOS/timers.o
 .bss.xTimerTaskHandle
                0x20000250        0x4 ./ThirdParty/FreeRTOS/timers.o
 .bss.xLastTime.0
                0x20000254        0x4 ./ThirdParty/FreeRTOS/timers.o
 .bss.ucMaxSysCallPriority
                0x20000258        0x1 ./ThirdParty/FreeRTOS/portable/GCC/ARM_CM4F/port.o
 *fill*         0x20000259        0x3 
 .bss.ulMaxPRIGROUPValue
                0x2000025c        0x4 ./ThirdParty/FreeRTOS/portable/GCC/ARM_CM4F/port.o
 .bss.ucHeap    0x20000260    0x12c00 ./ThirdParty/FreeRTOS/portable/MemMang/heap_4.o
 .bss.xStart    0x20012e60        0x8 ./ThirdParty/FreeRTOS/portable/MemMang/heap_4.o
 .bss.pxEnd     0x20012e68        0x4 ./ThirdParty/FreeRTOS/portable/MemMang/heap_4.o
 .bss.xFreeBytesRemaining
                0x20012e6c        0x4 ./ThirdParty/FreeRTOS/portable/MemMang/heap_4.o
 .bss.xMinimumEverFreeBytesRemaining
                0x20012e70        0x4 ./ThirdParty/FreeRTOS/portable/MemMang/heap_4.o
 .bss.xNumberOfSuccessfulAllocations
                0x20012e74        0x4 ./ThirdParty/FreeRTOS/portable/MemMang/heap_4.o
 .bss.xNumberOfSuccessfulFrees
                0x20012e78        0x4 ./ThirdParty/FreeRTOS/portable/MemMang/heap_4.o
 .bss.__sf      0x20012e7c      0x138 /home/engineering/st/stm32cubeide_1.16.1/plugins/com.st.stm32cube.ide.mcu.externaltools.gnu-tools-for-stm32.12.3.rel1.linux64_1.0.200.202406132123/tools/bin/../lib/gcc/arm-none-eabi/12.3.1/../../../../arm-none-eabi/lib/thumb/v7e-m+fp/hard/libc_nano.a(libc_a-findfp.o)
                0x20012e7c                __sf
 .bss.__stdio_exit_handler
                0x20012fb4        0x4 /home/engineering/st/stm32cubeide_1.16.1/plugins/com.st.stm32cube.ide.mcu.externaltools.gnu-tools-for-stm32.12.3.rel1.linux64_1.0.200.202406132123/tools/bin/../lib/gcc/arm-none-eabi/12.3.1/../../../../arm-none-eabi/lib/thumb/v7e-m+fp/hard/libc_nano.a(libc_a-findfp.o)
                0x20012fb4                __stdio_exit_handler
 .bss.errno     0x20012fb8        0x4 /home/engineering/st/stm32cubeide_1.16.1/plugins/com.st.stm32cube.ide.mcu.externaltools.gnu-tools-for-stm32.12.3.rel1.linux64_1.0.200.202406132123/tools/bin/../lib/gcc/arm-none-eabi/12.3.1/../../../../arm-none-eabi/lib/thumb/v7e-m+fp/hard/libc_nano.a(libc_a-reent.o)
                0x20012fb8                errno
 .bss.__lock___malloc_recursive_mutex
                0x20012fbc        0x1 /home/engineering/st/stm32cubeide_1.16.1/plugins/com.st.stm32cube.ide.mcu.externaltools.gnu-tools-for-stm32.12.3.rel1.linux64_1.0.200.202406132123/tools/bin/../lib/gcc/arm-none-eabi/12.3.1/../../../../arm-none-eabi/lib/thumb/v7e-m+fp/hard/libc_nano.a(libc_a-lock.o)
                0x20012fbc                __lock___malloc_recursive_mutex
 .bss.__lock___sfp_recursive_mutex
                0x20012fbd        0x1 /home/engineering/st/stm32cubeide_1.16.1/plugins/com.st.stm32cube.ide.mcu.externaltools.gnu-tools-for-stm32.12.3.rel1.linux64_1.0.200.202406132123/tools/bin/../lib/gcc/arm-none-eabi/12.3.1/../../../../arm-none-eabi/lib/thumb/v7e-m+fp/hard/libc_nano.a(libc_a-lock.o)
                0x20012fbd                __lock___sfp_recursive_mutex
 *fill*         0x20012fbe        0x2 
 .bss.__malloc_sbrk_start
                0x20012fc0        0x4 /home/engineering/st/stm32cubeide_1.16.1/plugins/com.st.stm32cube.ide.mcu.externaltools.gnu-tools-for-stm32.12.3.rel1.linux64_1.0.200.202406132123/tools/bin/../lib/gcc/arm-none-eabi/12.3.1/../../../../arm-none-eabi/lib/thumb/v7e-m+fp/hard/libc_nano.a(libc_a-mallocr.o)
                0x20012fc0                __malloc_sbrk_start
 .bss.__malloc_free_list
                0x20012fc4        0x4 /home/engineering/st/stm32cubeide_1.16.1/plugins/com.st.stm32cube.ide.mcu.externaltools.gnu-tools-for-stm32.12.3.rel1.linux64_1.0.200.202406132123/tools/bin/../lib/gcc/arm-none-eabi/12.3.1/../../../../arm-none-eabi/lib/thumb/v7e-m+fp/hard/libc_nano.a(libc_a-mallocr.o)
                0x20012fc4                __malloc_free_list
 .bss.heap_end.0
                0x20012fc8        0x4 /home/engineering/st/stm32cubeide_1.16.1/plugins/com.st.stm32cube.ide.mcu.externaltools.gnu-tools-for-stm32.12.3.rel1.linux64_1.0.200.202406132123/tools/bin/../lib/gcc/arm-none-eabi/12.3.1/../../../../arm-none-eabi/lib/thumb/v7e-m+fp/hard/libnosys.a(sbrk.o)
 *(COMMON)
                0x20012fcc                        . = ALIGN (0x4)
                0x20012fcc                        _ebss = .
                0x20012fcc                        __bss_end__ = _ebss

._user_heap_stack
                0x20012fcc      0x604
                0x20012fd0                        . = ALIGN (0x8)
 *fill*         0x20012fcc        0x4 
                0x20012fd0                        PROVIDE (end = .)
                [!provide]                        PROVIDE (_end = .)
                0x200131d0                        . = (. + _Min_Heap_Size)
 *fill*         0x20012fd0      0x200 
                0x200135d0                        . = (. + _Min_Stack_Size)
 *fill*         0x200131d0      0x400 
                0x200135d0                        . = ALIGN (0x8)

/DISCARD/
 libc.a(*)
 libm.a(*)
 libgcc.a(*)

.ARM.attributes
                0x00000000       0x30
 *(.ARM.attributes)
 .ARM.attributes
                0x00000000       0x22 /home/engineering/st/stm32cubeide_1.16.1/plugins/com.st.stm32cube.ide.mcu.externaltools.gnu-tools-for-stm32.12.3.rel1.linux64_1.0.200.202406132123/tools/bin/../lib/gcc/arm-none-eabi/12.3.1/thumb/v7e-m+fp/hard/crti.o
 .ARM.attributes
                0x00000022       0x34 /home/engineering/st/stm32cubeide_1.16.1/plugins/com.st.stm32cube.ide.mcu.externaltools.gnu-tools-for-stm32.12.3.rel1.linux64_1.0.200.202406132123/tools/bin/../lib/gcc/arm-none-eabi/12.3.1/thumb/v7e-m+fp/hard/crtbegin.o
 .ARM.attributes
                0x00000056       0x34 ./Core/Src/main.o
 .ARM.attributes
                0x0000008a       0x34 ./Core/Src/stm32f4xx_hal_msp.o
 .ARM.attributes
                0x000000be       0x34 ./Core/Src/stm32f4xx_hal_timebase_tim.o
 .ARM.attributes
                0x000000f2       0x34 ./Core/Src/stm32f4xx_it.o
 .ARM.attributes
                0x00000126       0x34 ./Core/Src/syscalls.o
 .ARM.attributes
                0x0000015a       0x34 ./Core/Src/system_stm32f4xx.o
 .ARM.attributes
                0x0000018e       0x21 ./Core/Startup/startup_stm32f407vgtx.o
 .ARM.attributes
                0x000001af       0x34 ./Drivers/STM32F4xx_HAL_Driver/Src/stm32f4xx_hal.o
 .ARM.attributes
                0x000001e3       0x34 ./Drivers/STM32F4xx_HAL_Driver/Src/stm32f4xx_hal_cortex.o
 .ARM.attributes
                0x00000217       0x34 ./Drivers/STM32F4xx_HAL_Driver/Src/stm32f4xx_hal_gpio.o
 .ARM.attributes
                0x0000024b       0x34 ./Drivers/STM32F4xx_HAL_Driver/Src/stm32f4xx_hal_rcc.o
 .ARM.attributes
                0x0000027f       0x34 ./Drivers/STM32F4xx_HAL_Driver/Src/stm32f4xx_hal_tim.o
 .ARM.attributes
                0x000002b3       0x34 ./Drivers/STM32F4xx_HAL_Driver/Src/stm32f4xx_hal_tim_ex.o
 .ARM.attributes
                0x000002e7       0x34 ./ThirdParty/FreeRTOS/list.o
 .ARM.attributes
                0x0000031b       0x34 ./ThirdParty/FreeRTOS/queue.o
 .ARM.attributes
                0x0000034f       0x34 ./ThirdParty/FreeRTOS/tasks.o
 .ARM.attributes
                0x00000383       0x34 ./ThirdParty/FreeRTOS/timers.o
 .ARM.attributes
                0x000003b7       0x34 ./ThirdParty/FreeRTOS/portable/GCC/ARM_CM4F/port.o
 .ARM.attributes
                0x000003eb       0x34 ./ThirdParty/FreeRTOS/portable/MemMang/heap_4.o
 .ARM.attributes
                0x0000041f       0x34 /home/engineering/st/stm32cubeide_1.16.1/plugins/com.st.stm32cube.ide.mcu.externaltools.gnu-tools-for-stm32.12.3.rel1.linux64_1.0.200.202406132123/tools/bin/../lib/gcc/arm-none-eabi/12.3.1/../../../../arm-none-eabi/lib/thumb/v7e-m+fp/hard/libc_nano.a(libc_a-findfp.o)
 .ARM.attributes
                0x00000453       0x34 /home/engineering/st/stm32cubeide_1.16.1/plugins/com.st.stm32cube.ide.mcu.externaltools.gnu-tools-for-stm32.12.3.rel1.linux64_1.0.200.202406132123/tools/bin/../lib/gcc/arm-none-eabi/12.3.1/../../../../arm-none-eabi/lib/thumb/v7e-m+fp/hard/libc_nano.a(libc_a-fwalk.o)
 .ARM.attributes
                0x00000487       0x34 /home/engineering/st/stm32cubeide_1.16.1/plugins/com.st.stm32cube.ide.mcu.externaltools.gnu-tools-for-stm32.12.3.rel1.linux64_1.0.200.202406132123/tools/bin/../lib/gcc/arm-none-eabi/12.3.1/../../../../arm-none-eabi/lib/thumb/v7e-m+fp/hard/libc_nano.a(libc_a-puts.o)
 .ARM.attributes
                0x000004bb       0x34 /home/engineering/st/stm32cubeide_1.16.1/plugins/com.st.stm32cube.ide.mcu.externaltools.gnu-tools-for-stm32.12.3.rel1.linux64_1.0.200.202406132123/tools/bin/../lib/gcc/arm-none-eabi/12.3.1/../../../../arm-none-eabi/lib/thumb/v7e-m+fp/hard/libc_nano.a(libc_a-stdio.o)
 .ARM.attributes
                0x000004ef       0x34 /home/engineering/st/stm32cubeide_1.16.1/plugins/com.st.stm32cube.ide.mcu.externaltools.gnu-tools-for-stm32.12.3.rel1.linux64_1.0.200.202406132123/tools/bin/../lib/gcc/arm-none-eabi/12.3.1/../../../../arm-none-eabi/lib/thumb/v7e-m+fp/hard/libc_nano.a(libc_a-wbuf.o)
 .ARM.attributes
                0x00000523       0x34 /home/engineering/st/stm32cubeide_1.16.1/plugins/com.st.stm32cube.ide.mcu.externaltools.gnu-tools-for-stm32.12.3.rel1.linux64_1.0.200.202406132123/tools/bin/../lib/gcc/arm-none-eabi/12.3.1/../../../../arm-none-eabi/lib/thumb/v7e-m+fp/hard/libc_nano.a(libc_a-wsetup.o)
 .ARM.attributes
                0x00000557       0x34 /home/engineering/st/stm32cubeide_1.16.1/plugins/com.st.stm32cube.ide.mcu.externaltools.gnu-tools-for-stm32.12.3.rel1.linux64_1.0.200.202406132123/tools/bin/../lib/gcc/arm-none-eabi/12.3.1/../../../../arm-none-eabi/lib/thumb/v7e-m+fp/hard/libc_nano.a(libc_a-memset.o)
 .ARM.attributes
                0x0000058b       0x34 /home/engineering/st/stm32cubeide_1.16.1/plugins/com.st.stm32cube.ide.mcu.externaltools.gnu-tools-for-stm32.12.3.rel1.linux64_1.0.200.202406132123/tools/bin/../lib/gcc/arm-none-eabi/12.3.1/../../../../arm-none-eabi/lib/thumb/v7e-m+fp/hard/libc_nano.a(libc_a-closer.o)
 .ARM.attributes
                0x000005bf       0x34 /home/engineering/st/stm32cubeide_1.16.1/plugins/com.st.stm32cube.ide.mcu.externaltools.gnu-tools-for-stm32.12.3.rel1.linux64_1.0.200.202406132123/tools/bin/../lib/gcc/arm-none-eabi/12.3.1/../../../../arm-none-eabi/lib/thumb/v7e-m+fp/hard/libc_nano.a(libc_a-reent.o)
 .ARM.attributes
                0x000005f3       0x34 /home/engineering/st/stm32cubeide_1.16.1/plugins/com.st.stm32cube.ide.mcu.externaltools.gnu-tools-for-stm32.12.3.rel1.linux64_1.0.200.202406132123/tools/bin/../lib/gcc/arm-none-eabi/12.3.1/../../../../arm-none-eabi/lib/thumb/v7e-m+fp/hard/libc_nano.a(libc_a-impure.o)
 .ARM.attributes
                0x00000627       0x34 /home/engineering/st/stm32cubeide_1.16.1/plugins/com.st.stm32cube.ide.mcu.externaltools.gnu-tools-for-stm32.12.3.rel1.linux64_1.0.200.202406132123/tools/bin/../lib/gcc/arm-none-eabi/12.3.1/../../../../arm-none-eabi/lib/thumb/v7e-m+fp/hard/libc_nano.a(libc_a-lseekr.o)
 .ARM.attributes
                0x0000065b       0x34 /home/engineering/st/stm32cubeide_1.16.1/plugins/com.st.stm32cube.ide.mcu.externaltools.gnu-tools-for-stm32.12.3.rel1.linux64_1.0.200.202406132123/tools/bin/../lib/gcc/arm-none-eabi/12.3.1/../../../../arm-none-eabi/lib/thumb/v7e-m+fp/hard/libc_nano.a(libc_a-readr.o)
 .ARM.attributes
                0x0000068f       0x34 /home/engineering/st/stm32cubeide_1.16.1/plugins/com.st.stm32cube.ide.mcu.externaltools.gnu-tools-for-stm32.12.3.rel1.linux64_1.0.200.202406132123/tools/bin/../lib/gcc/arm-none-eabi/12.3.1/../../../../arm-none-eabi/lib/thumb/v7e-m+fp/hard/libc_nano.a(libc_a-writer.o)
 .ARM.attributes
                0x000006c3       0x34 /home/engineering/st/stm32cubeide_1.16.1/plugins/com.st.stm32cube.ide.mcu.externaltools.gnu-tools-for-stm32.12.3.rel1.linux64_1.0.200.202406132123/tools/bin/../lib/gcc/arm-none-eabi/12.3.1/../../../../arm-none-eabi/lib/thumb/v7e-m+fp/hard/libc_nano.a(libc_a-init.o)
 .ARM.attributes
                0x000006f7       0x34 /home/engineering/st/stm32cubeide_1.16.1/plugins/com.st.stm32cube.ide.mcu.externaltools.gnu-tools-for-stm32.12.3.rel1.linux64_1.0.200.202406132123/tools/bin/../lib/gcc/arm-none-eabi/12.3.1/../../../../arm-none-eabi/lib/thumb/v7e-m+fp/hard/libc_nano.a(libc_a-lock.o)
 .ARM.attributes
                0x0000072b       0x34 /home/engineering/st/stm32cubeide_1.16.1/plugins/com.st.stm32cube.ide.mcu.externaltools.gnu-tools-for-stm32.12.3.rel1.linux64_1.0.200.202406132123/tools/bin/../lib/gcc/arm-none-eabi/12.3.1/../../../../arm-none-eabi/lib/thumb/v7e-m+fp/hard/libc_nano.a(libc_a-memcpy-stub.o)
 .ARM.attributes
                0x0000075f       0x34 /home/engineering/st/stm32cubeide_1.16.1/plugins/com.st.stm32cube.ide.mcu.externaltools.gnu-tools-for-stm32.12.3.rel1.linux64_1.0.200.202406132123/tools/bin/../lib/gcc/arm-none-eabi/12.3.1/../../../../arm-none-eabi/lib/thumb/v7e-m+fp/hard/libc_nano.a(libc_a-freer.o)
 .ARM.attributes
                0x00000793       0x34 /home/engineering/st/stm32cubeide_1.16.1/plugins/com.st.stm32cube.ide.mcu.externaltools.gnu-tools-for-stm32.12.3.rel1.linux64_1.0.200.202406132123/tools/bin/../lib/gcc/arm-none-eabi/12.3.1/../../../../arm-none-eabi/lib/thumb/v7e-m+fp/hard/libc_nano.a(libc_a-mallocr.o)
 .ARM.attributes
                0x000007c7       0x34 /home/engineering/st/stm32cubeide_1.16.1/plugins/com.st.stm32cube.ide.mcu.externaltools.gnu-tools-for-stm32.12.3.rel1.linux64_1.0.200.202406132123/tools/bin/../lib/gcc/arm-none-eabi/12.3.1/../../../../arm-none-eabi/lib/thumb/v7e-m+fp/hard/libc_nano.a(libc_a-mlock.o)
 .ARM.attributes
                0x000007fb       0x34 /home/engineering/st/stm32cubeide_1.16.1/plugins/com.st.stm32cube.ide.mcu.externaltools.gnu-tools-for-stm32.12.3.rel1.linux64_1.0.200.202406132123/tools/bin/../lib/gcc/arm-none-eabi/12.3.1/../../../../arm-none-eabi/lib/thumb/v7e-m+fp/hard/libc_nano.a(libc_a-fflush.o)
 .ARM.attributes
                0x0000082f       0x34 /home/engineering/st/stm32cubeide_1.16.1/plugins/com.st.stm32cube.ide.mcu.externaltools.gnu-tools-for-stm32.12.3.rel1.linux64_1.0.200.202406132123/tools/bin/../lib/gcc/arm-none-eabi/12.3.1/../../../../arm-none-eabi/lib/thumb/v7e-m+fp/hard/libc_nano.a(libc_a-makebuf.o)
 .ARM.attributes
                0x00000863       0x34 /home/engineering/st/stm32cubeide_1.16.1/plugins/com.st.stm32cube.ide.mcu.externaltools.gnu-tools-for-stm32.12.3.rel1.linux64_1.0.200.202406132123/tools/bin/../lib/gcc/arm-none-eabi/12.3.1/../../../../arm-none-eabi/lib/thumb/v7e-m+fp/hard/libc_nano.a(libc_a-fstatr.o)
 .ARM.attributes
                0x00000897       0x34 /home/engineering/st/stm32cubeide_1.16.1/plugins/com.st.stm32cube.ide.mcu.externaltools.gnu-tools-for-stm32.12.3.rel1.linux64_1.0.200.202406132123/tools/bin/../lib/gcc/arm-none-eabi/12.3.1/../../../../arm-none-eabi/lib/thumb/v7e-m+fp/hard/libc_nano.a(libc_a-isattyr.o)
 .ARM.attributes
                0x000008cb       0x34 /home/engineering/st/stm32cubeide_1.16.1/plugins/com.st.stm32cube.ide.mcu.externaltools.gnu-tools-for-stm32.12.3.rel1.linux64_1.0.200.202406132123/tools/bin/../lib/gcc/arm-none-eabi/12.3.1/../../../../arm-none-eabi/lib/thumb/v7e-m+fp/hard/libc_nano.a(libc_a-sbrkr.o)
 .ARM.attributes
                0x000008ff       0x22 /home/engineering/st/stm32cubeide_1.16.1/plugins/com.st.stm32cube.ide.mcu.externaltools.gnu-tools-for-stm32.12.3.rel1.linux64_1.0.200.202406132123/tools/bin/../lib/gcc/arm-none-eabi/12.3.1/thumb/v7e-m+fp/hard/libgcc.a(_aeabi_uldivmod.o)
 .ARM.attributes
                0x00000921       0x34 /home/engineering/st/stm32cubeide_1.16.1/plugins/com.st.stm32cube.ide.mcu.externaltools.gnu-tools-for-stm32.12.3.rel1.linux64_1.0.200.202406132123/tools/bin/../lib/gcc/arm-none-eabi/12.3.1/thumb/v7e-m+fp/hard/libgcc.a(_udivmoddi4.o)
 .ARM.attributes
                0x00000955       0x22 /home/engineering/st/stm32cubeide_1.16.1/plugins/com.st.stm32cube.ide.mcu.externaltools.gnu-tools-for-stm32.12.3.rel1.linux64_1.0.200.202406132123/tools/bin/../lib/gcc/arm-none-eabi/12.3.1/thumb/v7e-m+fp/hard/libgcc.a(_dvmd_tls.o)
 .ARM.attributes
                0x00000977       0x34 /home/engineering/st/stm32cubeide_1.16.1/plugins/com.st.stm32cube.ide.mcu.externaltools.gnu-tools-for-stm32.12.3.rel1.linux64_1.0.200.202406132123/tools/bin/../lib/gcc/arm-none-eabi/12.3.1/../../../../arm-none-eabi/lib/thumb/v7e-m+fp/hard/libnosys.a(sbrk.o)
 .ARM.attributes
                0x000009ab       0x22 /home/engineering/st/stm32cubeide_1.16.1/plugins/com.st.stm32cube.ide.mcu.externaltools.gnu-tools-for-stm32.12.3.rel1.linux64_1.0.200.202406132123/tools/bin/../lib/gcc/arm-none-eabi/12.3.1/thumb/v7e-m+fp/hard/crtn.o
OUTPUT(FreeRTOS_Tasks.elf elf32-littlearm)
LOAD linker stubs
LOAD /home/engineering/st/stm32cubeide_1.16.1/plugins/com.st.stm32cube.ide.mcu.externaltools.gnu-tools-for-stm32.12.3.rel1.linux64_1.0.200.202406132123/tools/bin/../lib/gcc/arm-none-eabi/12.3.1/../../../../arm-none-eabi/lib/thumb/v7e-m+fp/hard/libc.a
LOAD /home/engineering/st/stm32cubeide_1.16.1/plugins/com.st.stm32cube.ide.mcu.externaltools.gnu-tools-for-stm32.12.3.rel1.linux64_1.0.200.202406132123/tools/bin/../lib/gcc/arm-none-eabi/12.3.1/../../../../arm-none-eabi/lib/thumb/v7e-m+fp/hard/libm.a
LOAD /home/engineering/st/stm32cubeide_1.16.1/plugins/com.st.stm32cube.ide.mcu.externaltools.gnu-tools-for-stm32.12.3.rel1.linux64_1.0.200.202406132123/tools/bin/../lib/gcc/arm-none-eabi/12.3.1/thumb/v7e-m+fp/hard/libgcc.a

.debug_info     0x00000000     0xf262
 .debug_info    0x00000000      0xe61 ./Core/Src/main.o
 .debug_info    0x00000e61      0x269 ./Core/Src/stm32f4xx_hal_msp.o
 .debug_info    0x000010ca      0xbee ./Core/Src/stm32f4xx_hal_timebase_tim.o
 .debug_info    0x00001cb8      0x6ab ./Core/Src/stm32f4xx_it.o
 .debug_info    0x00002363      0x6d1 ./Core/Src/syscalls.o
 .debug_info    0x00002a34      0x512 ./Core/Src/system_stm32f4xx.o
 .debug_info    0x00002f46       0x30 ./Core/Startup/startup_stm32f407vgtx.o
 .debug_info    0x00002f76      0x944 ./Drivers/STM32F4xx_HAL_Driver/Src/stm32f4xx_hal.o
 .debug_info    0x000038ba      0xd8c ./Drivers/STM32F4xx_HAL_Driver/Src/stm32f4xx_hal_cortex.o
 .debug_info    0x00004646      0x6c3 ./Drivers/STM32F4xx_HAL_Driver/Src/stm32f4xx_hal_gpio.o
 .debug_info    0x00004d09      0x8af ./Drivers/STM32F4xx_HAL_Driver/Src/stm32f4xx_hal_rcc.o
 .debug_info    0x000055b8     0x299d ./Drivers/STM32F4xx_HAL_Driver/Src/stm32f4xx_hal_tim.o
 .debug_info    0x00007f55     0x14db ./Drivers/STM32F4xx_HAL_Driver/Src/stm32f4xx_hal_tim_ex.o
 .debug_info    0x00009430      0x2aa ./ThirdParty/FreeRTOS/list.o
 .debug_info    0x000096da     0x18a3 ./ThirdParty/FreeRTOS/queue.o
 .debug_info    0x0000af7d     0x2866 ./ThirdParty/FreeRTOS/tasks.o
 .debug_info    0x0000d7e3      0xf06 ./ThirdParty/FreeRTOS/timers.o
 .debug_info    0x0000e6e9      0x581 ./ThirdParty/FreeRTOS/portable/GCC/ARM_CM4F/port.o
 .debug_info    0x0000ec6a      0x5f8 ./ThirdParty/FreeRTOS/portable/MemMang/heap_4.o

.debug_abbrev   0x00000000     0x2821
 .debug_abbrev  0x00000000      0x2f5 ./Core/Src/main.o
 .debug_abbrev  0x000002f5       0xd8 ./Core/Src/stm32f4xx_hal_msp.o
 .debug_abbrev  0x000003cd      0x1f4 ./Core/Src/stm32f4xx_hal_timebase_tim.o
 .debug_abbrev  0x000005c1      0x17d ./Core/Src/stm32f4xx_it.o
 .debug_abbrev  0x0000073e      0x1b1 ./Core/Src/syscalls.o
 .debug_abbrev  0x000008ef      0x11a ./Core/Src/system_stm32f4xx.o
 .debug_abbrev  0x00000a09       0x24 ./Core/Startup/startup_stm32f407vgtx.o
 .debug_abbrev  0x00000a2d      0x214 ./Drivers/STM32F4xx_HAL_Driver/Src/stm32f4xx_hal.o
 .debug_abbrev  0x00000c41      0x31d ./Drivers/STM32F4xx_HAL_Driver/Src/stm32f4xx_hal_cortex.o
 .debug_abbrev  0x00000f5e      0x1d4 ./Drivers/STM32F4xx_HAL_Driver/Src/stm32f4xx_hal_gpio.o
 .debug_abbrev  0x00001132      0x2b7 ./Drivers/STM32F4xx_HAL_Driver/Src/stm32f4xx_hal_rcc.o
 .debug_abbrev  0x000013e9      0x278 ./Drivers/STM32F4xx_HAL_Driver/Src/stm32f4xx_hal_tim.o
 .debug_abbrev  0x00001661      0x283 ./Drivers/STM32F4xx_HAL_Driver/Src/stm32f4xx_hal_tim_ex.o
 .debug_abbrev  0x000018e4       0xee ./ThirdParty/FreeRTOS/list.o
 .debug_abbrev  0x000019d2      0x323 ./ThirdParty/FreeRTOS/queue.o
 .debug_abbrev  0x00001cf5      0x398 ./ThirdParty/FreeRTOS/tasks.o
 .debug_abbrev  0x0000208d      0x2f2 ./ThirdParty/FreeRTOS/timers.o
 .debug_abbrev  0x0000237f      0x248 ./ThirdParty/FreeRTOS/portable/GCC/ARM_CM4F/port.o
 .debug_abbrev  0x000025c7      0x25a ./ThirdParty/FreeRTOS/portable/MemMang/heap_4.o

.debug_aranges  0x00000000      0xfb8
 .debug_aranges
                0x00000000       0x50 ./Core/Src/main.o
 .debug_aranges
                0x00000050       0x20 ./Core/Src/stm32f4xx_hal_msp.o
 .debug_aranges
                0x00000070       0x30 ./Core/Src/stm32f4xx_hal_timebase_tim.o
 .debug_aranges
                0x000000a0       0x50 ./Core/Src/stm32f4xx_it.o
 .debug_aranges
                0x000000f0       0xb0 ./Core/Src/syscalls.o
 .debug_aranges
                0x000001a0       0x28 ./Core/Src/system_stm32f4xx.o
 .debug_aranges
                0x000001c8       0x28 ./Core/Startup/startup_stm32f407vgtx.o
 .debug_aranges
                0x000001f0       0xf0 ./Drivers/STM32F4xx_HAL_Driver/Src/stm32f4xx_hal.o
 .debug_aranges
                0x000002e0      0x130 ./Drivers/STM32F4xx_HAL_Driver/Src/stm32f4xx_hal_cortex.o
 .debug_aranges
                0x00000410       0x58 ./Drivers/STM32F4xx_HAL_Driver/Src/stm32f4xx_hal_gpio.o
 .debug_aranges
                0x00000468       0x88 ./Drivers/STM32F4xx_HAL_Driver/Src/stm32f4xx_hal_rcc.o
 .debug_aranges
                0x000004f0      0x3d0 ./Drivers/STM32F4xx_HAL_Driver/Src/stm32f4xx_hal_tim.o
 .debug_aranges
                0x000008c0      0x168 ./Drivers/STM32F4xx_HAL_Driver/Src/stm32f4xx_hal_tim_ex.o
 .debug_aranges
                0x00000a28       0x40 ./ThirdParty/FreeRTOS/list.o
 .debug_aranges
                0x00000a68      0x140 ./ThirdParty/FreeRTOS/queue.o
 .debug_aranges
                0x00000ba8      0x228 ./ThirdParty/FreeRTOS/tasks.o
 .debug_aranges
                0x00000dd0       0xf8 ./ThirdParty/FreeRTOS/timers.o
 .debug_aranges
                0x00000ec8       0x80 ./ThirdParty/FreeRTOS/portable/GCC/ARM_CM4F/port.o
 .debug_aranges
                0x00000f48       0x70 ./ThirdParty/FreeRTOS/portable/MemMang/heap_4.o

.debug_rnglists
                0x00000000      0xc22
 .debug_rnglists
                0x00000000       0x3a ./Core/Src/main.o
 .debug_rnglists
                0x0000003a       0x13 ./Core/Src/stm32f4xx_hal_msp.o
 .debug_rnglists
                0x0000004d       0x20 ./Core/Src/stm32f4xx_hal_timebase_tim.o
 .debug_rnglists
                0x0000006d       0x37 ./Core/Src/stm32f4xx_it.o
 .debug_rnglists
                0x000000a4       0x7f ./Core/Src/syscalls.o
 .debug_rnglists
                0x00000123       0x1a ./Core/Src/system_stm32f4xx.o
 .debug_rnglists
                0x0000013d       0x19 ./Core/Startup/startup_stm32f407vgtx.o
 .debug_rnglists
                0x00000156       0xaf ./Drivers/STM32F4xx_HAL_Driver/Src/stm32f4xx_hal.o
 .debug_rnglists
                0x00000205       0xe0 ./Drivers/STM32F4xx_HAL_Driver/Src/stm32f4xx_hal_cortex.o
 .debug_rnglists
                0x000002e5       0x3f ./Drivers/STM32F4xx_HAL_Driver/Src/stm32f4xx_hal_gpio.o
 .debug_rnglists
                0x00000324       0x66 ./Drivers/STM32F4xx_HAL_Driver/Src/stm32f4xx_hal_rcc.o
 .debug_rnglists
                0x0000038a      0x31a ./Drivers/STM32F4xx_HAL_Driver/Src/stm32f4xx_hal_tim.o
 .debug_rnglists
                0x000006a4      0x125 ./Drivers/STM32F4xx_HAL_Driver/Src/stm32f4xx_hal_tim_ex.o
 .debug_rnglists
                0x000007c9       0x2b ./ThirdParty/FreeRTOS/list.o
 .debug_rnglists
                0x000007f4       0xf8 ./ThirdParty/FreeRTOS/queue.o
 .debug_rnglists
                0x000008ec      0x1cb ./ThirdParty/FreeRTOS/tasks.o
 .debug_rnglists
                0x00000ab7       0xba ./ThirdParty/FreeRTOS/timers.o
 .debug_rnglists
                0x00000b71       0x5d ./ThirdParty/FreeRTOS/portable/GCC/ARM_CM4F/port.o
 .debug_rnglists
                0x00000bce       0x54 ./ThirdParty/FreeRTOS/portable/MemMang/heap_4.o

.debug_macro    0x00000000    0x23b1d
 .debug_macro   0x00000000      0x322 ./Core/Src/main.o
 .debug_macro   0x00000322      0xab4 ./Core/Src/main.o
 .debug_macro   0x00000dd6      0x295 ./Core/Src/main.o
 .debug_macro   0x0000106b       0x2e ./Core/Src/main.o
 .debug_macro   0x00001099       0x2f ./Core/Src/main.o
 .debug_macro   0x000010c8       0x22 ./Core/Src/main.o
 .debug_macro   0x000010ea       0x8e ./Core/Src/main.o
 .debug_macro   0x00001178       0x51 ./Core/Src/main.o
 .debug_macro   0x000011c9      0x103 ./Core/Src/main.o
 .debug_macro   0x000012cc       0x6a ./Core/Src/main.o
 .debug_macro   0x00001336      0x1df ./Core/Src/main.o
 .debug_macro   0x00001515       0x1c ./Core/Src/main.o
 .debug_macro   0x00001531       0x22 ./Core/Src/main.o
 .debug_macro   0x00001553       0xfb ./Core/Src/main.o
 .debug_macro   0x0000164e     0x1011 ./Core/Src/main.o
 .debug_macro   0x0000265f      0x11f ./Core/Src/main.o
 .debug_macro   0x0000277e    0x15e97 ./Core/Src/main.o
 .debug_macro   0x00018615       0x6d ./Core/Src/main.o
 .debug_macro   0x00018682     0x369a ./Core/Src/main.o
 .debug_macro   0x0001bd1c      0x189 ./Core/Src/main.o
 .debug_macro   0x0001bea5       0x5c ./Core/Src/main.o
 .debug_macro   0x0001bf01      0x980 ./Core/Src/main.o
 .debug_macro   0x0001c881      0x9e9 ./Core/Src/main.o
 .debug_macro   0x0001d26a      0x115 ./Core/Src/main.o
 .debug_macro   0x0001d37f      0x13e ./Core/Src/main.o
 .debug_macro   0x0001d4bd       0xa5 ./Core/Src/main.o
 .debug_macro   0x0001d562      0x174 ./Core/Src/main.o
 .debug_macro   0x0001d6d6      0x287 ./Core/Src/main.o
 .debug_macro   0x0001d95d       0x5f ./Core/Src/main.o
 .debug_macro   0x0001d9bc      0x236 ./Core/Src/main.o
 .debug_macro   0x0001dbf2      0x12c ./Core/Src/main.o
 .debug_macro   0x0001dd1e      0x21e ./Core/Src/main.o
 .debug_macro   0x0001df3c       0x2e ./Core/Src/main.o
 .debug_macro   0x0001df6a      0x127 ./Core/Src/main.o
 .debug_macro   0x0001e091       0x7e ./Core/Src/main.o
 .debug_macro   0x0001e10f       0x89 ./Core/Src/main.o
 .debug_macro   0x0001e198      0x8ed ./Core/Src/main.o
 .debug_macro   0x0001ea85       0x4d ./Core/Src/main.o
 .debug_macro   0x0001ead2      0x12d ./Core/Src/main.o
 .debug_macro   0x0001ebff      0x190 ./Core/Src/main.o
 .debug_macro   0x0001ed8f       0x61 ./Core/Src/main.o
 .debug_macro   0x0001edf0       0x2a ./Core/Src/main.o
 .debug_macro   0x0001ee1a       0x43 ./Core/Src/main.o
 .debug_macro   0x0001ee5d       0x34 ./Core/Src/main.o
 .debug_macro   0x0001ee91       0x16 ./Core/Src/main.o
 .debug_macro   0x0001eea7       0x35 ./Core/Src/main.o
 .debug_macro   0x0001eedc      0x369 ./Core/Src/main.o
 .debug_macro   0x0001f245       0x10 ./Core/Src/main.o
 .debug_macro   0x0001f255       0x16 ./Core/Src/main.o
 .debug_macro   0x0001f26b       0x43 ./Core/Src/main.o
 .debug_macro   0x0001f2ae       0x34 ./Core/Src/main.o
 .debug_macro   0x0001f2e2       0x10 ./Core/Src/main.o
 .debug_macro   0x0001f2f2       0x58 ./Core/Src/main.o
 .debug_macro   0x0001f34a       0x8e ./Core/Src/main.o
 .debug_macro   0x0001f3d8       0x1c ./Core/Src/main.o
 .debug_macro   0x0001f3f4      0x177 ./Core/Src/main.o
 .debug_macro   0x0001f56b       0x16 ./Core/Src/main.o
 .debug_macro   0x0001f581       0x16 ./Core/Src/main.o
 .debug_macro   0x0001f597      0x146 ./Core/Src/main.o
 .debug_macro   0x0001f6dd       0x16 ./Core/Src/main.o
 .debug_macro   0x0001f6f3      0x106 ./Core/Src/main.o
 .debug_macro   0x0001f7f9       0x22 ./Core/Src/main.o
 .debug_macro   0x0001f81b      0x182 ./Core/Src/main.o
 .debug_macro   0x0001f99d       0xee ./Core/Src/main.o
 .debug_macro   0x0001fa8b       0x3a ./Core/Src/main.o
 .debug_macro   0x0001fac5       0x1f ./Core/Src/main.o
 .debug_macro   0x0001fae4       0x12 ./Core/Src/main.o
 .debug_macro   0x0001faf6     0x10f6 ./Core/Src/main.o
 .debug_macro   0x00020bec       0xc3 ./Core/Src/main.o
 .debug_macro   0x00020caf      0x14f ./Core/Src/main.o
 .debug_macro   0x00020dfe      0x1d3 ./Core/Src/stm32f4xx_hal_msp.o
 .debug_macro   0x00020fd1      0x1c4 ./Core/Src/stm32f4xx_hal_timebase_tim.o
 .debug_macro   0x00021195      0x1dd ./Core/Src/stm32f4xx_it.o
 .debug_macro   0x00021372      0x286 ./Core/Src/syscalls.o
 .debug_macro   0x000215f8       0x5b ./Core/Src/syscalls.o
 .debug_macro   0x00021653       0x94 ./Core/Src/syscalls.o
 .debug_macro   0x000216e7       0x57 ./Core/Src/syscalls.o
 .debug_macro   0x0002173e       0x10 ./Core/Src/syscalls.o
 .debug_macro   0x0002174e       0x10 ./Core/Src/syscalls.o
 .debug_macro   0x0002175e       0x10 ./Core/Src/syscalls.o
 .debug_macro   0x0002176e       0x10 ./Core/Src/syscalls.o
 .debug_macro   0x0002177e       0x1c ./Core/Src/syscalls.o
 .debug_macro   0x0002179a       0x52 ./Core/Src/syscalls.o
 .debug_macro   0x000217ec       0x22 ./Core/Src/syscalls.o
 .debug_macro   0x0002180e       0x10 ./Core/Src/syscalls.o
 .debug_macro   0x0002181e       0x52 ./Core/Src/syscalls.o
 .debug_macro   0x00021870       0xcf ./Core/Src/syscalls.o
 .debug_macro   0x0002193f       0x1c ./Core/Src/syscalls.o
 .debug_macro   0x0002195b       0x3d ./Core/Src/syscalls.o
 .debug_macro   0x00021998       0x35 ./Core/Src/syscalls.o
 .debug_macro   0x000219cd      0x12c ./Core/Src/syscalls.o
 .debug_macro   0x00021af9       0x16 ./Core/Src/syscalls.o
 .debug_macro   0x00021b0f       0x16 ./Core/Src/syscalls.o
 .debug_macro   0x00021b25       0x29 ./Core/Src/syscalls.o
 .debug_macro   0x00021b4e       0x10 ./Core/Src/syscalls.o
 .debug_macro   0x00021b5e      0x242 ./Core/Src/syscalls.o
 .debug_macro   0x00021da0       0x1c ./Core/Src/syscalls.o
 .debug_macro   0x00021dbc       0x10 ./Core/Src/syscalls.o
 .debug_macro   0x00021dcc      0x18a ./Core/Src/syscalls.o
 .debug_macro   0x00021f56       0x16 ./Core/Src/syscalls.o
 .debug_macro   0x00021f6c       0xce ./Core/Src/syscalls.o
 .debug_macro   0x0002203a      0x1c4 ./Core/Src/system_stm32f4xx.o
 .debug_macro   0x000221fe      0x224 ./Drivers/STM32F4xx_HAL_Driver/Src/stm32f4xx_hal.o
 .debug_macro   0x00022422      0x1c4 ./Drivers/STM32F4xx_HAL_Driver/Src/stm32f4xx_hal_cortex.o
 .debug_macro   0x000225e6      0x1ca ./Drivers/STM32F4xx_HAL_Driver/Src/stm32f4xx_hal_gpio.o
 .debug_macro   0x000227b0      0x1e8 ./Drivers/STM32F4xx_HAL_Driver/Src/stm32f4xx_hal_rcc.o
 .debug_macro   0x00022998      0x1c5 ./Drivers/STM32F4xx_HAL_Driver/Src/stm32f4xx_hal_tim.o
 .debug_macro   0x00022b5d      0x1c4 ./Drivers/STM32F4xx_HAL_Driver/Src/stm32f4xx_hal_tim_ex.o
 .debug_macro   0x00022d21      0x1a2 ./ThirdParty/FreeRTOS/list.o
 .debug_macro   0x00022ec3      0x239 ./ThirdParty/FreeRTOS/queue.o
 .debug_macro   0x000230fc       0x16 ./ThirdParty/FreeRTOS/queue.o
 .debug_macro   0x00023112       0x20 ./ThirdParty/FreeRTOS/queue.o
 .debug_macro   0x00023132       0x80 ./ThirdParty/FreeRTOS/queue.o
 .debug_macro   0x000231b2      0x2bf ./ThirdParty/FreeRTOS/tasks.o
 .debug_macro   0x00023471       0x17 ./ThirdParty/FreeRTOS/tasks.o
 .debug_macro   0x00023488      0x1f1 ./ThirdParty/FreeRTOS/timers.o
 .debug_macro   0x00023679       0x9e ./ThirdParty/FreeRTOS/timers.o
 .debug_macro   0x00023717      0x1cf ./ThirdParty/FreeRTOS/portable/GCC/ARM_CM4F/port.o
 .debug_macro   0x000238e6      0x237 ./ThirdParty/FreeRTOS/portable/MemMang/heap_4.o

.debug_line     0x00000000    0x111ad
 .debug_line    0x00000000      0xba4 ./Core/Src/main.o
 .debug_line    0x00000ba4      0x6b0 ./Core/Src/stm32f4xx_hal_msp.o
 .debug_line    0x00001254      0x72b ./Core/Src/stm32f4xx_hal_timebase_tim.o
 .debug_line    0x0000197f      0x74c ./Core/Src/stm32f4xx_it.o
 .debug_line    0x000020cb      0x863 ./Core/Src/syscalls.o
 .debug_line    0x0000292e      0x734 ./Core/Src/system_stm32f4xx.o
 .debug_line    0x00003062       0x7a ./Core/Startup/startup_stm32f407vgtx.o
 .debug_line    0x000030dc      0x99d ./Drivers/STM32F4xx_HAL_Driver/Src/stm32f4xx_hal.o
 .debug_line    0x00003a79      0xc8f ./Drivers/STM32F4xx_HAL_Driver/Src/stm32f4xx_hal_cortex.o
 .debug_line    0x00004708      0xb29 ./Drivers/STM32F4xx_HAL_Driver/Src/stm32f4xx_hal_gpio.o
 .debug_line    0x00005231      0xd28 ./Drivers/STM32F4xx_HAL_Driver/Src/stm32f4xx_hal_rcc.o
 .debug_line    0x00005f59     0x3741 ./Drivers/STM32F4xx_HAL_Driver/Src/stm32f4xx_hal_tim.o
 .debug_line    0x0000969a     0x1993 ./Drivers/STM32F4xx_HAL_Driver/Src/stm32f4xx_hal_tim_ex.o
 .debug_line    0x0000b02d      0x7a0 ./ThirdParty/FreeRTOS/list.o
 .debug_line    0x0000b7cd     0x16b3 ./ThirdParty/FreeRTOS/queue.o
 .debug_line    0x0000ce80     0x2157 ./ThirdParty/FreeRTOS/tasks.o
 .debug_line    0x0000efd7      0xd95 ./ThirdParty/FreeRTOS/timers.o
 .debug_line    0x0000fd6c      0x8db ./ThirdParty/FreeRTOS/portable/GCC/ARM_CM4F/port.o
 .debug_line    0x00010647      0xb66 ./ThirdParty/FreeRTOS/portable/MemMang/heap_4.o

.debug_str      0x00000000    0xda101
 .debug_str     0x00000000    0xd0e9c ./Core/Src/main.o
                              0xd1225 (size before relaxing)
 .debug_str     0x000d0e9c       0x2c ./Core/Src/stm32f4xx_hal_msp.o
                              0xc26e0 (size before relaxing)
 .debug_str     0x000d0ec8      0x60a ./Core/Src/stm32f4xx_hal_timebase_tim.o
                              0xc2c22 (size before relaxing)
 .debug_str     0x000d14d2       0xb9 ./Core/Src/stm32f4xx_it.o
                              0xc2b91 (size before relaxing)
 .debug_str     0x000d158b     0x1fd6 ./Core/Src/syscalls.o
                               0x996c (size before relaxing)
 .debug_str     0x000d3561       0xdb ./Core/Src/system_stm32f4xx.o
                              0xc212b (size before relaxing)
 .debug_str     0x000d363c       0x44 ./Core/Startup/startup_stm32f407vgtx.o
                                 0x89 (size before relaxing)
 .debug_str     0x000d3680      0x5ce ./Drivers/STM32F4xx_HAL_Driver/Src/stm32f4xx_hal.o
                              0xc2caf (size before relaxing)
 .debug_str     0x000d3c4e      0x37f ./Drivers/STM32F4xx_HAL_Driver/Src/stm32f4xx_hal_cortex.o
                              0xc2a2b (size before relaxing)
 .debug_str     0x000d3fcd      0x131 ./Drivers/STM32F4xx_HAL_Driver/Src/stm32f4xx_hal_gpio.o
                              0xc22a6 (size before relaxing)
 .debug_str     0x000d40fe      0x1fd ./Drivers/STM32F4xx_HAL_Driver/Src/stm32f4xx_hal_rcc.o
                              0xc255f (size before relaxing)
 .debug_str     0x000d42fb      0xe79 ./Drivers/STM32F4xx_HAL_Driver/Src/stm32f4xx_hal_tim.o
                              0xc34b5 (size before relaxing)
 .debug_str     0x000d5174      0x503 ./Drivers/STM32F4xx_HAL_Driver/Src/stm32f4xx_hal_tim_ex.o
                              0xc2cc1 (size before relaxing)
 .debug_str     0x000d5677      0x183 ./ThirdParty/FreeRTOS/list.o
                              0x10b1f (size before relaxing)
 .debug_str     0x000d57fa     0x146c ./ThirdParty/FreeRTOS/queue.o
                              0x13458 (size before relaxing)
 .debug_str     0x000d6c66     0x1f56 ./ThirdParty/FreeRTOS/tasks.o
                              0x142c7 (size before relaxing)
 .debug_str     0x000d8bbc      0x539 ./ThirdParty/FreeRTOS/timers.o
                              0x1371d (size before relaxing)
 .debug_str     0x000d90f5      0x8cf ./ThirdParty/FreeRTOS/portable/GCC/ARM_CM4F/port.o
                               0xf661 (size before relaxing)
 .debug_str     0x000d99c4      0x73d ./ThirdParty/FreeRTOS/portable/MemMang/heap_4.o
                              0x126b1 (size before relaxing)

.comment        0x00000000       0x43
 .comment       0x00000000       0x43 ./Core/Src/main.o
                                 0x44 (size before relaxing)
 .comment       0x00000043       0x44 ./Core/Src/stm32f4xx_hal_msp.o
 .comment       0x00000043       0x44 ./Core/Src/stm32f4xx_hal_timebase_tim.o
 .comment       0x00000043       0x44 ./Core/Src/stm32f4xx_it.o
 .comment       0x00000043       0x44 ./Core/Src/syscalls.o
 .comment       0x00000043       0x44 ./Core/Src/system_stm32f4xx.o
 .comment       0x00000043       0x44 ./Drivers/STM32F4xx_HAL_Driver/Src/stm32f4xx_hal.o
 .comment       0x00000043       0x44 ./Drivers/STM32F4xx_HAL_Driver/Src/stm32f4xx_hal_cortex.o
 .comment       0x00000043       0x44 ./Drivers/STM32F4xx_HAL_Driver/Src/stm32f4xx_hal_gpio.o
 .comment       0x00000043       0x44 ./Drivers/STM32F4xx_HAL_Driver/Src/stm32f4xx_hal_rcc.o
 .comment       0x00000043       0x44 ./Drivers/STM32F4xx_HAL_Driver/Src/stm32f4xx_hal_tim.o
 .comment       0x00000043       0x44 ./Drivers/STM32F4xx_HAL_Driver/Src/stm32f4xx_hal_tim_ex.o
 .comment       0x00000043       0x44 ./ThirdParty/FreeRTOS/list.o
 .comment       0x00000043       0x44 ./ThirdParty/FreeRTOS/queue.o
 .comment       0x00000043       0x44 ./ThirdParty/FreeRTOS/tasks.o
 .comment       0x00000043       0x44 ./ThirdParty/FreeRTOS/timers.o
 .comment       0x00000043       0x44 ./ThirdParty/FreeRTOS/portable/GCC/ARM_CM4F/port.o
 .comment       0x00000043       0x44 ./ThirdParty/FreeRTOS/portable/MemMang/heap_4.o

.debug_frame    0x00000000     0x4798
 .debug_frame   0x00000000       0xf8 ./Core/Src/main.o
 .debug_frame   0x000000f8       0x38 ./Core/Src/stm32f4xx_hal_msp.o
 .debug_frame   0x00000130       0x74 ./Core/Src/stm32f4xx_hal_timebase_tim.o
 .debug_frame   0x000001a4       0xc4 ./Core/Src/stm32f4xx_it.o
 .debug_frame   0x00000268      0x2d4 ./Core/Src/syscalls.o
 .debug_frame   0x0000053c       0x58 ./Core/Src/system_stm32f4xx.o
 .debug_frame   0x00000594      0x374 ./Drivers/STM32F4xx_HAL_Driver/Src/stm32f4xx_hal.o
 .debug_frame   0x00000908      0x508 ./Drivers/STM32F4xx_HAL_Driver/Src/stm32f4xx_hal_cortex.o
 .debug_frame   0x00000e10      0x14c ./Drivers/STM32F4xx_HAL_Driver/Src/stm32f4xx_hal_gpio.o
 .debug_frame   0x00000f5c      0x1f4 ./Drivers/STM32F4xx_HAL_Driver/Src/stm32f4xx_hal_rcc.o
 .debug_frame   0x00001150     0x11c0 ./Drivers/STM32F4xx_HAL_Driver/Src/stm32f4xx_hal_tim.o
 .debug_frame   0x00002310      0x638 ./Drivers/STM32F4xx_HAL_Driver/Src/stm32f4xx_hal_tim_ex.o
 .debug_frame   0x00002948       0xd8 ./ThirdParty/FreeRTOS/list.o
 .debug_frame   0x00002a20      0x580 ./ThirdParty/FreeRTOS/queue.o
 .debug_frame   0x00002fa0      0x98c ./ThirdParty/FreeRTOS/tasks.o
 .debug_frame   0x0000392c      0x40c ./ThirdParty/FreeRTOS/timers.o
 .debug_frame   0x00003d38      0x1a8 ./ThirdParty/FreeRTOS/portable/GCC/ARM_CM4F/port.o
 .debug_frame   0x00003ee0      0x194 ./ThirdParty/FreeRTOS/portable/MemMang/heap_4.o