23:31:26 **** Incremental Build of configuration Debug for project FreeRTOS_QueuesandTasks ****
make -j4 all 
arm-none-eabi-gcc "../Core/Src/main.c" -mcpu=cortex-m4 -std=gnu11 -g3 -DDEBUG -DUSE_HAL_DRIVER -DSTM32F407xx -c -I../Core/Inc -I../Drivers/STM32F4xx_HAL_Driver/Inc -I../Drivers/STM32F4xx_HAL_Driver/Inc/Legacy -I../Drivers/CMSIS/Device/ST/STM32F4xx/Include -I../Drivers/CMSIS/Include -I/home/engineering/STM32CubeIDE/workspace_1.16.1/STM32_FreeRTOS_Development/common/ThirdParty/FreeRTOS/include -I/home/engineering/STM32CubeIDE/workspace_1.16.1/STM32_FreeRTOS_Development/common/ThirdParty/FreeRTOS/portable/GCC/ARM_CM4F -O0 -ffunction-sections -fdata-sections -Wall -fstack-usage -fcyclomatic-complexity -MMD -MP -MF"Core/Src/main.d" -MT"Core/Src/main.o" --specs=nano.specs -mfpu=fpv4-sp-d16 -mfloat-abi=hard -mthumb -o "Core/Src/main.o"
In file included from ../Core/Inc/main.h:38,
                 from ../Core/Src/main.c:20:
../Core/Src/main.c: In function 'HAL_UART_RxCpltCallback':
/home/engineering/STM32CubeIDE/workspace_1.16.1/STM32_FreeRTOS_Development/common/ThirdParty/FreeRTOS/include/task.h:2768:32: warning: passing argument 1 of 'xTaskGenericNotifyFromISR' from incompatible pointer type [-Wincompatible-pointer-types]
 2768 |     xTaskGenericNotifyFromISR( ( xTaskToNotify ), ( tskDEFAULT_INDEX_TO_NOTIFY ), ( ulValue ), ( eAction ), NULL, ( pxHigherPriorityTaskWoken ) )
      |                                ^~~~~~~~~~~~~~~~~
      |                                |
      |                                void (*)(void *)
../Core/Src/main.c:434:17: note: in expansion of macro 'xTaskNotifyFromISR'
  434 |                 xTaskNotifyFromISR(cmdTask, 0, eNoAction, NULL);
      |                 ^~~~~~~~~~~~~~~~~~
/home/engineering/STM32CubeIDE/workspace_1.16.1/STM32_FreeRTOS_Development/common/ThirdParty/FreeRTOS/include/task.h:2761:52: note: expected 'TaskHandle_t' {aka 'struct tskTaskControlBlock *'} but argument is of type 'void (*)(void *)'
 2761 | BaseType_t xTaskGenericNotifyFromISR( TaskHandle_t xTaskToNotify,
      |                                       ~~~~~~~~~~~~~^~~~~~~~~~~~~
arm-none-eabi-gcc -o "FreeRTOS_QueuesandTasks.elf" @"objects.list"   -mcpu=cortex-m4 -T"/home/engineering/STM32CubeIDE/workspace_1.16.1/STM32_FreeRTOS_Development/FreeRTOS_QueuesandTasks/STM32F407VGTX_FLASH.ld" --specs=nosys.specs -Wl,-Map="FreeRTOS_QueuesandTasks.map" -Wl,--gc-sections -static --specs=nano.specs -mfpu=fpv4-sp-d16 -mfloat-abi=hard -mthumb -Wl,--start-group -lc -lm -Wl,--end-group
Finished building target: FreeRTOS_QueuesandTasks.elf
 
arm-none-eabi-size  FreeRTOS_QueuesandTasks.elf 
arm-none-eabi-objdump -h -S FreeRTOS_QueuesandTasks.elf  > "FreeRTOS_QueuesandTasks.list"
   text	   data	    bss	    dec	    hex	filename
  26480	     20	 104596	 131096	  20018	FreeRTOS_QueuesandTasks.elf
Finished building: default.size.stdout
 
Finished building: FreeRTOS_QueuesandTasks.list
 

23:31:27 Build Finished. 0 errors, 1 warnings. (took 810ms)

