22:08:04 **** Incremental Build of configuration Debug for project FreeRTOS_QueuesandTasks ****
make -j4 all 
arm-none-eabi-gcc "../common/ThirdParty/FreeRTOS/portable/MemMang/heap_4.c" -mcpu=cortex-m4 -std=gnu11 -g3 -DDEBUG -DUSE_HAL_DRIVER -DSTM32F407xx -c -I../Core/Inc -I../Drivers/STM32F4xx_HAL_Driver/Inc -I../Drivers/STM32F4xx_HAL_Driver/Inc/Legacy -I../Drivers/CMSIS/Device/ST/STM32F4xx/Include -I../Drivers/CMSIS/Include -I/home/engineering/STM32CubeIDE/workspace_1.16.1/STM32_FreeRTOS_Development/common/ThirdParty/FreeRTOS/include -I/home/engineering/STM32CubeIDE/workspace_1.16.1/STM32_FreeRTOS_Development/common/ThirdParty/FreeRTOS/portable/GCC/ARM_CM4F -O0 -ffunction-sections -fdata-sections -Wall -fstack-usage -fcyclomatic-complexity -MMD -MP -MF"common/ThirdParty/FreeRTOS/portable/MemMang/heap_4.d" -MT"common/ThirdParty/FreeRTOS/portable/MemMang/heap_4.o" --specs=nano.specs -mfpu=fpv4-sp-d16 -mfloat-abi=hard -mthumb -o "common/ThirdParty/FreeRTOS/portable/MemMang/heap_4.o"
arm-none-eabi-gcc "../common/ThirdParty/FreeRTOS/portable/GCC/ARM_CM4F/port.c" -mcpu=cortex-m4 -std=gnu11 -g3 -DDEBUG -DUSE_HAL_DRIVER -DSTM32F407xx -c -I../Core/Inc -I../Drivers/STM32F4xx_HAL_Driver/Inc -I../Drivers/STM32F4xx_HAL_Driver/Inc/Legacy -I../Drivers/CMSIS/Device/ST/STM32F4xx/Include -I../Drivers/CMSIS/Include -I/home/engineering/STM32CubeIDE/workspace_1.16.1/STM32_FreeRTOS_Development/common/ThirdParty/FreeRTOS/include -I/home/engineering/STM32CubeIDE/workspace_1.16.1/STM32_FreeRTOS_Development/common/ThirdParty/FreeRTOS/portable/GCC/ARM_CM4F -O0 -ffunction-sections -fdata-sections -Wall -fstack-usage -fcyclomatic-complexity -MMD -MP -MF"common/ThirdParty/FreeRTOS/portable/GCC/ARM_CM4F/port.d" -MT"common/ThirdParty/FreeRTOS/portable/GCC/ARM_CM4F/port.o" --specs=nano.specs -mfpu=fpv4-sp-d16 -mfloat-abi=hard -mthumb -o "common/ThirdParty/FreeRTOS/portable/GCC/ARM_CM4F/port.o"
arm-none-eabi-gcc "../common/ThirdParty/FreeRTOS/croutine.c" -mcpu=cortex-m4 -std=gnu11 -g3 -DDEBUG -DUSE_HAL_DRIVER -DSTM32F407xx -c -I../Core/Inc -I../Drivers/STM32F4xx_HAL_Driver/Inc -I../Drivers/STM32F4xx_HAL_Driver/Inc/Legacy -I../Drivers/CMSIS/Device/ST/STM32F4xx/Include -I../Drivers/CMSIS/Include -I/home/engineering/STM32CubeIDE/workspace_1.16.1/STM32_FreeRTOS_Development/common/ThirdParty/FreeRTOS/include -I/home/engineering/STM32CubeIDE/workspace_1.16.1/STM32_FreeRTOS_Development/common/ThirdParty/FreeRTOS/portable/GCC/ARM_CM4F -O0 -ffunction-sections -fdata-sections -Wall -fstack-usage -fcyclomatic-complexity -MMD -MP -MF"common/ThirdParty/FreeRTOS/croutine.d" -MT"common/ThirdParty/FreeRTOS/croutine.o" --specs=nano.specs -mfpu=fpv4-sp-d16 -mfloat-abi=hard -mthumb -o "common/ThirdParty/FreeRTOS/croutine.o"
arm-none-eabi-gcc "../common/ThirdParty/FreeRTOS/event_groups.c" -mcpu=cortex-m4 -std=gnu11 -g3 -DDEBUG -DUSE_HAL_DRIVER -DSTM32F407xx -c -I../Core/Inc -I../Drivers/STM32F4xx_HAL_Driver/Inc -I../Drivers/STM32F4xx_HAL_Driver/Inc/Legacy -I../Drivers/CMSIS/Device/ST/STM32F4xx/Include -I../Drivers/CMSIS/Include -I/home/engineering/STM32CubeIDE/workspace_1.16.1/STM32_FreeRTOS_Development/common/ThirdParty/FreeRTOS/include -I/home/engineering/STM32CubeIDE/workspace_1.16.1/STM32_FreeRTOS_Development/common/ThirdParty/FreeRTOS/portable/GCC/ARM_CM4F -O0 -ffunction-sections -fdata-sections -Wall -fstack-usage -fcyclomatic-complexity -MMD -MP -MF"common/ThirdParty/FreeRTOS/event_groups.d" -MT"common/ThirdParty/FreeRTOS/event_groups.o" --specs=nano.specs -mfpu=fpv4-sp-d16 -mfloat-abi=hard -mthumb -o "common/ThirdParty/FreeRTOS/event_groups.o"
arm-none-eabi-gcc "../common/ThirdParty/FreeRTOS/list.c" -mcpu=cortex-m4 -std=gnu11 -g3 -DDEBUG -DUSE_HAL_DRIVER -DSTM32F407xx -c -I../Core/Inc -I../Drivers/STM32F4xx_HAL_Driver/Inc -I../Drivers/STM32F4xx_HAL_Driver/Inc/Legacy -I../Drivers/CMSIS/Device/ST/STM32F4xx/Include -I../Drivers/CMSIS/Include -I/home/engineering/STM32CubeIDE/workspace_1.16.1/STM32_FreeRTOS_Development/common/ThirdParty/FreeRTOS/include -I/home/engineering/STM32CubeIDE/workspace_1.16.1/STM32_FreeRTOS_Development/common/ThirdParty/FreeRTOS/portable/GCC/ARM_CM4F -O0 -ffunction-sections -fdata-sections -Wall -fstack-usage -fcyclomatic-complexity -MMD -MP -MF"common/ThirdParty/FreeRTOS/list.d" -MT"common/ThirdParty/FreeRTOS/list.o" --specs=nano.specs -mfpu=fpv4-sp-d16 -mfloat-abi=hard -mthumb -o "common/ThirdParty/FreeRTOS/list.o"
arm-none-eabi-gcc "../common/ThirdParty/FreeRTOS/queue.c" -mcpu=cortex-m4 -std=gnu11 -g3 -DDEBUG -DUSE_HAL_DRIVER -DSTM32F407xx -c -I../Core/Inc -I../Drivers/STM32F4xx_HAL_Driver/Inc -I../Drivers/STM32F4xx_HAL_Driver/Inc/Legacy -I../Drivers/CMSIS/Device/ST/STM32F4xx/Include -I../Drivers/CMSIS/Include -I/home/engineering/STM32CubeIDE/workspace_1.16.1/STM32_FreeRTOS_Development/common/ThirdParty/FreeRTOS/include -I/home/engineering/STM32CubeIDE/workspace_1.16.1/STM32_FreeRTOS_Development/common/ThirdParty/FreeRTOS/portable/GCC/ARM_CM4F -O0 -ffunction-sections -fdata-sections -Wall -fstack-usage -fcyclomatic-complexity -MMD -MP -MF"common/ThirdParty/FreeRTOS/queue.d" -MT"common/ThirdParty/FreeRTOS/queue.o" --specs=nano.specs -mfpu=fpv4-sp-d16 -mfloat-abi=hard -mthumb -o "common/ThirdParty/FreeRTOS/queue.o"
arm-none-eabi-gcc "../common/ThirdParty/FreeRTOS/stream_buffer.c" -mcpu=cortex-m4 -std=gnu11 -g3 -DDEBUG -DUSE_HAL_DRIVER -DSTM32F407xx -c -I../Core/Inc -I../Drivers/STM32F4xx_HAL_Driver/Inc -I../Drivers/STM32F4xx_HAL_Driver/Inc/Legacy -I../Drivers/CMSIS/Device/ST/STM32F4xx/Include -I../Drivers/CMSIS/Include -I/home/engineering/STM32CubeIDE/workspace_1.16.1/STM32_FreeRTOS_Development/common/ThirdParty/FreeRTOS/include -I/home/engineering/STM32CubeIDE/workspace_1.16.1/STM32_FreeRTOS_Development/common/ThirdParty/FreeRTOS/portable/GCC/ARM_CM4F -O0 -ffunction-sections -fdata-sections -Wall -fstack-usage -fcyclomatic-complexity -MMD -MP -MF"common/ThirdParty/FreeRTOS/stream_buffer.d" -MT"common/ThirdParty/FreeRTOS/stream_buffer.o" --specs=nano.specs -mfpu=fpv4-sp-d16 -mfloat-abi=hard -mthumb -o "common/ThirdParty/FreeRTOS/stream_buffer.o"
arm-none-eabi-gcc "../common/ThirdParty/FreeRTOS/tasks.c" -mcpu=cortex-m4 -std=gnu11 -g3 -DDEBUG -DUSE_HAL_DRIVER -DSTM32F407xx -c -I../Core/Inc -I../Drivers/STM32F4xx_HAL_Driver/Inc -I../Drivers/STM32F4xx_HAL_Driver/Inc/Legacy -I../Drivers/CMSIS/Device/ST/STM32F4xx/Include -I../Drivers/CMSIS/Include -I/home/engineering/STM32CubeIDE/workspace_1.16.1/STM32_FreeRTOS_Development/common/ThirdParty/FreeRTOS/include -I/home/engineering/STM32CubeIDE/workspace_1.16.1/STM32_FreeRTOS_Development/common/ThirdParty/FreeRTOS/portable/GCC/ARM_CM4F -O0 -ffunction-sections -fdata-sections -Wall -fstack-usage -fcyclomatic-complexity -MMD -MP -MF"common/ThirdParty/FreeRTOS/tasks.d" -MT"common/ThirdParty/FreeRTOS/tasks.o" --specs=nano.specs -mfpu=fpv4-sp-d16 -mfloat-abi=hard -mthumb -o "common/ThirdParty/FreeRTOS/tasks.o"
../common/ThirdParty/FreeRTOS/tasks.c: In function 'uxTaskBasePriorityGet':
../common/ThirdParty/FreeRTOS/tasks.c:2705:9: warning: implicit declaration of function 'portBASE_TYPE_ENTER_CRITICAL'; did you mean 'portTICK_TYPE_ENTER_CRITICAL'? [-Wimplicit-function-declaration]
 2705 |         portBASE_TYPE_ENTER_CRITICAL();
      |         ^~~~~~~~~~~~~~~~~~~~~~~~~~~~
      |         portTICK_TYPE_ENTER_CRITICAL
../common/ThirdParty/FreeRTOS/tasks.c:2714:9: warning: implicit declaration of function 'portBASE_TYPE_EXIT_CRITICAL'; did you mean 'portTICK_TYPE_EXIT_CRITICAL'? [-Wimplicit-function-declaration]
 2714 |         portBASE_TYPE_EXIT_CRITICAL();
      |         ^~~~~~~~~~~~~~~~~~~~~~~~~~~
      |         portTICK_TYPE_EXIT_CRITICAL
arm-none-eabi-gcc "../common/ThirdParty/FreeRTOS/timers.c" -mcpu=cortex-m4 -std=gnu11 -g3 -DDEBUG -DUSE_HAL_DRIVER -DSTM32F407xx -c -I../Core/Inc -I../Drivers/STM32F4xx_HAL_Driver/Inc -I../Drivers/STM32F4xx_HAL_Driver/Inc/Legacy -I../Drivers/CMSIS/Device/ST/STM32F4xx/Include -I../Drivers/CMSIS/Include -I/home/engineering/STM32CubeIDE/workspace_1.16.1/STM32_FreeRTOS_Development/common/ThirdParty/FreeRTOS/include -I/home/engineering/STM32CubeIDE/workspace_1.16.1/STM32_FreeRTOS_Development/common/ThirdParty/FreeRTOS/portable/GCC/ARM_CM4F -O0 -ffunction-sections -fdata-sections -Wall -fstack-usage -fcyclomatic-complexity -MMD -MP -MF"common/ThirdParty/FreeRTOS/timers.d" -MT"common/ThirdParty/FreeRTOS/timers.o" --specs=nano.specs -mfpu=fpv4-sp-d16 -mfloat-abi=hard -mthumb -o "common/ThirdParty/FreeRTOS/timers.o"
arm-none-eabi-gcc "../Core/Src/stm32f4xx_hal_msp.c" -mcpu=cortex-m4 -std=gnu11 -g3 -DDEBUG -DUSE_HAL_DRIVER -DSTM32F407xx -c -I../Core/Inc -I../Drivers/STM32F4xx_HAL_Driver/Inc -I../Drivers/STM32F4xx_HAL_Driver/Inc/Legacy -I../Drivers/CMSIS/Device/ST/STM32F4xx/Include -I../Drivers/CMSIS/Include -I/home/engineering/STM32CubeIDE/workspace_1.16.1/STM32_FreeRTOS_Development/common/ThirdParty/FreeRTOS/include -I/home/engineering/STM32CubeIDE/workspace_1.16.1/STM32_FreeRTOS_Development/common/ThirdParty/FreeRTOS/portable/GCC/ARM_CM4F -O0 -ffunction-sections -fdata-sections -Wall -fstack-usage -fcyclomatic-complexity -MMD -MP -MF"Core/Src/stm32f4xx_hal_msp.d" -MT"Core/Src/stm32f4xx_hal_msp.o" --specs=nano.specs -mfpu=fpv4-sp-d16 -mfloat-abi=hard -mthumb -o "Core/Src/stm32f4xx_hal_msp.o"
../common/ThirdParty/FreeRTOS/timers.c: In function 'xTimerGetReloadMode':
../common/ThirdParty/FreeRTOS/timers.c:604:9: warning: implicit declaration of function 'portBASE_TYPE_ENTER_CRITICAL'; did you mean 'portTICK_TYPE_ENTER_CRITICAL'? [-Wimplicit-function-declaration]
  604 |         portBASE_TYPE_ENTER_CRITICAL();
      |         ^~~~~~~~~~~~~~~~~~~~~~~~~~~~
      |         portTICK_TYPE_ENTER_CRITICAL
../common/ThirdParty/FreeRTOS/timers.c:617:9: warning: implicit declaration of function 'portBASE_TYPE_EXIT_CRITICAL'; did you mean 'portTICK_TYPE_EXIT_CRITICAL'? [-Wimplicit-function-declaration]
  617 |         portBASE_TYPE_EXIT_CRITICAL();
      |         ^~~~~~~~~~~~~~~~~~~~~~~~~~~
      |         portTICK_TYPE_EXIT_CRITICAL
arm-none-eabi-gcc -o "FreeRTOS_QueuesandTasks.elf" @"objects.list"   -mcpu=cortex-m4 -T"/home/engineering/STM32CubeIDE/workspace_1.16.1/STM32_FreeRTOS_Development/FreeRTOS_QueuesandTasks/STM32F407VGTX_FLASH.ld" --specs=nosys.specs -Wl,-Map="FreeRTOS_QueuesandTasks.map" -Wl,--gc-sections -static --specs=nano.specs -mfpu=fpv4-sp-d16 -mfloat-abi=hard -mthumb -Wl,--start-group -lc -lm -Wl,--end-group
Finished building target: FreeRTOS_QueuesandTasks.elf
 
arm-none-eabi-size  FreeRTOS_QueuesandTasks.elf 
arm-none-eabi-objdump -h -S FreeRTOS_QueuesandTasks.elf  > "FreeRTOS_QueuesandTasks.list"
   text	   data	    bss	    dec	    hex	filename
  14764	     12	   1892	  16668	   411c	FreeRTOS_QueuesandTasks.elf
Finished building: default.size.stdout
 
Finished building: FreeRTOS_QueuesandTasks.list
 
